2025-09-22T05:32:15.239Z [info]: Postgres Connection Successful
2025-09-22T05:32:15.534Z [info]: Workers started successfully
2025-09-22T05:32:15.536Z [info]: Server running on port 4000
2025-09-22T05:32:25.287Z [info]: Received transaction request: function set(uint256) on 0x7ae020a9423d63315f2266d53bbe50ee4749e7fb for chain 80002
2025-09-22T05:32:25.289Z [info]: Received transaction request: function set(uint256) on 0x7ae020a9423d63315f2266d53bbe50ee4749e7fb for chain 80002
2025-09-22T05:32:25.290Z [info]: Received transaction request: function set(uint256) on 0x7ae020a9423d63315f2266d53bbe50ee4749e7fb for chain 80002
2025-09-22T05:32:25.292Z [info]: Received transaction request: function set(uint256) on 0x7ae020a9423d63315f2266d53bbe50ee4749e7fb for chain 80002
2025-09-22T05:32:25.293Z [info]: Received transaction request: function set(uint256) on 0x7ae020a9423d63315f2266d53bbe50ee4749e7fb for chain 80002
2025-09-22T05:32:25.293Z [info]: Received transaction request: function set(uint256) on 0x7ae020a9423d63315f2266d53bbe50ee4749e7fb for chain 80002
2025-09-22T05:32:25.294Z [info]: Received transaction request: function set(uint256) on 0x7ae020a9423d63315f2266d53bbe50ee4749e7fb for chain 80002
2025-09-22T05:32:25.295Z [info]: Received transaction request: function set(uint256) on 0x7ae020a9423d63315f2266d53bbe50ee4749e7fb for chain 80002
2025-09-22T05:32:25.296Z [info]: Received transaction request: function set(uint256) on 0x7ae020a9423d63315f2266d53bbe50ee4749e7fb for chain 80002
2025-09-22T05:32:25.297Z [info]: Received transaction request: function set(uint256) on 0x7ae020a9423d63315f2266d53bbe50ee4749e7fb for chain 80002
2025-09-22T05:32:25.298Z [info]: Received transaction request: function set(uint256) on 0x7ae020a9423d63315f2266d53bbe50ee4749e7fb for chain 80002
2025-09-22T05:32:25.298Z [info]: Received transaction request: function set(uint256) on 0x7ae020a9423d63315f2266d53bbe50ee4749e7fb for chain 80002
2025-09-22T05:32:25.299Z [info]: Received transaction request: function set(uint256) on 0x7ae020a9423d63315f2266d53bbe50ee4749e7fb for chain 80002
2025-09-22T05:32:25.299Z [info]: Received transaction request: function set(uint256) on 0x7ae020a9423d63315f2266d53bbe50ee4749e7fb for chain 80002
2025-09-22T05:32:25.300Z [info]: Received transaction request: function set(uint256) on 0x7ae020a9423d63315f2266d53bbe50ee4749e7fb for chain 80002
2025-09-22T05:32:25.300Z [info]: Received transaction request: function set(uint256) on 0x7ae020a9423d63315f2266d53bbe50ee4749e7fb for chain 80002
2025-09-22T05:32:25.301Z [info]: Received transaction request: function set(uint256) on 0x7ae020a9423d63315f2266d53bbe50ee4749e7fb for chain 80002
2025-09-22T05:32:25.301Z [info]: Received transaction request: function set(uint256) on 0x7ae020a9423d63315f2266d53bbe50ee4749e7fb for chain 80002
2025-09-22T05:32:25.302Z [info]: Received transaction request: function set(uint256) on 0x7ae020a9423d63315f2266d53bbe50ee4749e7fb for chain 80002
2025-09-22T05:32:25.302Z [info]: Received transaction request: function set(uint256) on 0x7ae020a9423d63315f2266d53bbe50ee4749e7fb for chain 80002
2025-09-22T05:32:25.302Z [info]: Received transaction request: function set(uint256) on 0x7ae020a9423d63315f2266d53bbe50ee4749e7fb for chain 80002
2025-09-22T05:32:25.302Z [info]: Received transaction request: function set(uint256) on 0x7ae020a9423d63315f2266d53bbe50ee4749e7fb for chain 80002
2025-09-22T05:32:25.303Z [info]: Received transaction request: function set(uint256) on 0x7ae020a9423d63315f2266d53bbe50ee4749e7fb for chain 80002
2025-09-22T05:32:25.304Z [info]: Received transaction request: function set(uint256) on 0x7ae020a9423d63315f2266d53bbe50ee4749e7fb for chain 80002
2025-09-22T05:32:25.304Z [info]: Received transaction request: function set(uint256) on 0x7ae020a9423d63315f2266d53bbe50ee4749e7fb for chain 80002
2025-09-22T05:32:25.304Z [info]: Received transaction request: function set(uint256) on 0x7ae020a9423d63315f2266d53bbe50ee4749e7fb for chain 80002
2025-09-22T05:32:25.305Z [info]: Received transaction request: function set(uint256) on 0x7ae020a9423d63315f2266d53bbe50ee4749e7fb for chain 80002
2025-09-22T05:32:25.305Z [info]: Received transaction request: function set(uint256) on 0x7ae020a9423d63315f2266d53bbe50ee4749e7fb for chain 80002
2025-09-22T05:32:25.305Z [info]: Received transaction request: function set(uint256) on 0x7ae020a9423d63315f2266d53bbe50ee4749e7fb for chain 80002
2025-09-22T05:32:25.306Z [info]: Received transaction request: function set(uint256) on 0x7ae020a9423d63315f2266d53bbe50ee4749e7fb for chain 80002
2025-09-22T05:32:25.306Z [info]: Received transaction request: function set(uint256) on 0x7ae020a9423d63315f2266d53bbe50ee4749e7fb for chain 80002
2025-09-22T05:32:25.306Z [info]: Received transaction request: function set(uint256) on 0x7ae020a9423d63315f2266d53bbe50ee4749e7fb for chain 80002
2025-09-22T05:32:25.306Z [info]: Received transaction request: function set(uint256) on 0x7ae020a9423d63315f2266d53bbe50ee4749e7fb for chain 80002
2025-09-22T05:32:25.307Z [info]: Received transaction request: function set(uint256) on 0x7ae020a9423d63315f2266d53bbe50ee4749e7fb for chain 80002
2025-09-22T05:32:25.307Z [info]: Received transaction request: function set(uint256) on 0x7ae020a9423d63315f2266d53bbe50ee4749e7fb for chain 80002
2025-09-22T05:32:25.307Z [info]: Received transaction request: function set(uint256) on 0x7ae020a9423d63315f2266d53bbe50ee4749e7fb for chain 80002
2025-09-22T05:32:25.307Z [info]: Received transaction request: function set(uint256) on 0x7ae020a9423d63315f2266d53bbe50ee4749e7fb for chain 80002
2025-09-22T05:32:25.308Z [info]: Received transaction request: function set(uint256) on 0x7ae020a9423d63315f2266d53bbe50ee4749e7fb for chain 80002
2025-09-22T05:32:25.308Z [info]: Received transaction request: function set(uint256) on 0x7ae020a9423d63315f2266d53bbe50ee4749e7fb for chain 80002
2025-09-22T05:32:25.309Z [info]: Received transaction request: function set(uint256) on 0x7ae020a9423d63315f2266d53bbe50ee4749e7fb for chain 80002
2025-09-22T05:32:25.309Z [info]: Received transaction request: function set(uint256) on 0x7ae020a9423d63315f2266d53bbe50ee4749e7fb for chain 80002
2025-09-22T05:32:25.310Z [info]: Received transaction request: function set(uint256) on 0x7ae020a9423d63315f2266d53bbe50ee4749e7fb for chain 80002
2025-09-22T05:32:25.310Z [info]: Received transaction request: function set(uint256) on 0x7ae020a9423d63315f2266d53bbe50ee4749e7fb for chain 80002
2025-09-22T05:32:25.310Z [info]: Received transaction request: function set(uint256) on 0x7ae020a9423d63315f2266d53bbe50ee4749e7fb for chain 80002
2025-09-22T05:32:25.311Z [info]: Received transaction request: function set(uint256) on 0x7ae020a9423d63315f2266d53bbe50ee4749e7fb for chain 80002
2025-09-22T05:32:25.311Z [info]: Received transaction request: function set(uint256) on 0x7ae020a9423d63315f2266d53bbe50ee4749e7fb for chain 80002
2025-09-22T05:32:25.311Z [info]: Received transaction request: function set(uint256) on 0x7ae020a9423d63315f2266d53bbe50ee4749e7fb for chain 80002
2025-09-22T05:32:25.311Z [info]: Received transaction request: function set(uint256) on 0x7ae020a9423d63315f2266d53bbe50ee4749e7fb for chain 80002
2025-09-22T05:32:25.312Z [info]: Received transaction request: function set(uint256) on 0x7ae020a9423d63315f2266d53bbe50ee4749e7fb for chain 80002
2025-09-22T05:32:25.312Z [info]: Received transaction request: function set(uint256) on 0x7ae020a9423d63315f2266d53bbe50ee4749e7fb for chain 80002
2025-09-22T05:32:25.312Z [info]: Received transaction request: function set(uint256) on 0x7ae020a9423d63315f2266d53bbe50ee4749e7fb for chain 80002
2025-09-22T05:32:25.312Z [info]: Received transaction request: function set(uint256) on 0x7ae020a9423d63315f2266d53bbe50ee4749e7fb for chain 80002
2025-09-22T05:32:25.312Z [info]: Received transaction request: function set(uint256) on 0x7ae020a9423d63315f2266d53bbe50ee4749e7fb for chain 80002
2025-09-22T05:32:25.313Z [info]: Received transaction request: function set(uint256) on 0x7ae020a9423d63315f2266d53bbe50ee4749e7fb for chain 80002
2025-09-22T05:32:25.313Z [info]: Received transaction request: function set(uint256) on 0x7ae020a9423d63315f2266d53bbe50ee4749e7fb for chain 80002
2025-09-22T05:32:25.313Z [info]: Received transaction request: function set(uint256) on 0x7ae020a9423d63315f2266d53bbe50ee4749e7fb for chain 80002
2025-09-22T05:32:25.313Z [info]: Received transaction request: function set(uint256) on 0x7ae020a9423d63315f2266d53bbe50ee4749e7fb for chain 80002
2025-09-22T05:32:25.313Z [info]: Received transaction request: function set(uint256) on 0x7ae020a9423d63315f2266d53bbe50ee4749e7fb for chain 80002
2025-09-22T05:32:25.314Z [info]: Received transaction request: function set(uint256) on 0x7ae020a9423d63315f2266d53bbe50ee4749e7fb for chain 80002
2025-09-22T05:32:25.314Z [info]: Received transaction request: function set(uint256) on 0x7ae020a9423d63315f2266d53bbe50ee4749e7fb for chain 80002
2025-09-22T05:32:25.315Z [info]: Received transaction request: function set(uint256) on 0x7ae020a9423d63315f2266d53bbe50ee4749e7fb for chain 80002
2025-09-22T05:32:25.315Z [info]: Received transaction request: function set(uint256) on 0x7ae020a9423d63315f2266d53bbe50ee4749e7fb for chain 80002
2025-09-22T05:32:25.315Z [info]: Received transaction request: function set(uint256) on 0x7ae020a9423d63315f2266d53bbe50ee4749e7fb for chain 80002
2025-09-22T05:32:25.315Z [info]: Received transaction request: function set(uint256) on 0x7ae020a9423d63315f2266d53bbe50ee4749e7fb for chain 80002
2025-09-22T05:32:25.316Z [info]: Received transaction request: function set(uint256) on 0x7ae020a9423d63315f2266d53bbe50ee4749e7fb for chain 80002
2025-09-22T05:32:25.316Z [info]: Received transaction request: function set(uint256) on 0x7ae020a9423d63315f2266d53bbe50ee4749e7fb for chain 80002
2025-09-22T05:32:25.316Z [info]: Received transaction request: function set(uint256) on 0x7ae020a9423d63315f2266d53bbe50ee4749e7fb for chain 80002
2025-09-22T05:32:25.316Z [info]: Received transaction request: function set(uint256) on 0x7ae020a9423d63315f2266d53bbe50ee4749e7fb for chain 80002
2025-09-22T05:32:25.317Z [info]: Received transaction request: function set(uint256) on 0x7ae020a9423d63315f2266d53bbe50ee4749e7fb for chain 80002
2025-09-22T05:32:25.317Z [info]: Received transaction request: function set(uint256) on 0x7ae020a9423d63315f2266d53bbe50ee4749e7fb for chain 80002
2025-09-22T05:32:25.317Z [info]: Received transaction request: function set(uint256) on 0x7ae020a9423d63315f2266d53bbe50ee4749e7fb for chain 80002
2025-09-22T05:32:25.317Z [info]: Received transaction request: function set(uint256) on 0x7ae020a9423d63315f2266d53bbe50ee4749e7fb for chain 80002
2025-09-22T05:32:25.318Z [info]: Received transaction request: function set(uint256) on 0x7ae020a9423d63315f2266d53bbe50ee4749e7fb for chain 80002
2025-09-22T05:32:25.318Z [info]: Received transaction request: function set(uint256) on 0x7ae020a9423d63315f2266d53bbe50ee4749e7fb for chain 80002
2025-09-22T05:32:25.318Z [info]: Received transaction request: function set(uint256) on 0x7ae020a9423d63315f2266d53bbe50ee4749e7fb for chain 80002
2025-09-22T05:32:25.318Z [info]: Received transaction request: function set(uint256) on 0x7ae020a9423d63315f2266d53bbe50ee4749e7fb for chain 80002
2025-09-22T05:32:25.319Z [info]: Received transaction request: function set(uint256) on 0x7ae020a9423d63315f2266d53bbe50ee4749e7fb for chain 80002
2025-09-22T05:32:25.319Z [info]: Received transaction request: function set(uint256) on 0x7ae020a9423d63315f2266d53bbe50ee4749e7fb for chain 80002
2025-09-22T05:32:25.319Z [info]: Received transaction request: function set(uint256) on 0x7ae020a9423d63315f2266d53bbe50ee4749e7fb for chain 80002
2025-09-22T05:32:25.320Z [info]: Received transaction request: function set(uint256) on 0x7ae020a9423d63315f2266d53bbe50ee4749e7fb for chain 80002
2025-09-22T05:32:25.320Z [info]: Received transaction request: function set(uint256) on 0x7ae020a9423d63315f2266d53bbe50ee4749e7fb for chain 80002
2025-09-22T05:32:25.320Z [info]: Received transaction request: function set(uint256) on 0x7ae020a9423d63315f2266d53bbe50ee4749e7fb for chain 80002
2025-09-22T05:32:25.320Z [info]: Received transaction request: function set(uint256) on 0x7ae020a9423d63315f2266d53bbe50ee4749e7fb for chain 80002
2025-09-22T05:32:25.321Z [info]: Received transaction request: function set(uint256) on 0x7ae020a9423d63315f2266d53bbe50ee4749e7fb for chain 80002
2025-09-22T05:32:25.321Z [info]: Received transaction request: function set(uint256) on 0x7ae020a9423d63315f2266d53bbe50ee4749e7fb for chain 80002
2025-09-22T05:32:25.321Z [info]: Received transaction request: function set(uint256) on 0x7ae020a9423d63315f2266d53bbe50ee4749e7fb for chain 80002
2025-09-22T05:32:25.321Z [info]: Received transaction request: function set(uint256) on 0x7ae020a9423d63315f2266d53bbe50ee4749e7fb for chain 80002
2025-09-22T05:32:25.322Z [info]: Received transaction request: function set(uint256) on 0x7ae020a9423d63315f2266d53bbe50ee4749e7fb for chain 80002
2025-09-22T05:32:25.322Z [info]: Received transaction request: function set(uint256) on 0x7ae020a9423d63315f2266d53bbe50ee4749e7fb for chain 80002
2025-09-22T05:32:25.322Z [info]: Received transaction request: function set(uint256) on 0x7ae020a9423d63315f2266d53bbe50ee4749e7fb for chain 80002
2025-09-22T05:32:25.322Z [info]: Received transaction request: function set(uint256) on 0x7ae020a9423d63315f2266d53bbe50ee4749e7fb for chain 80002
2025-09-22T05:32:25.323Z [info]: Received transaction request: function set(uint256) on 0x7ae020a9423d63315f2266d53bbe50ee4749e7fb for chain 80002
2025-09-22T05:32:25.323Z [info]: Received transaction request: function set(uint256) on 0x7ae020a9423d63315f2266d53bbe50ee4749e7fb for chain 80002
2025-09-22T05:32:25.323Z [info]: Received transaction request: function set(uint256) on 0x7ae020a9423d63315f2266d53bbe50ee4749e7fb for chain 80002
2025-09-22T05:32:25.323Z [info]: Received transaction request: function set(uint256) on 0x7ae020a9423d63315f2266d53bbe50ee4749e7fb for chain 80002
2025-09-22T05:32:25.323Z [info]: Received transaction request: function set(uint256) on 0x7ae020a9423d63315f2266d53bbe50ee4749e7fb for chain 80002
2025-09-22T05:32:25.324Z [info]: Received transaction request: function set(uint256) on 0x7ae020a9423d63315f2266d53bbe50ee4749e7fb for chain 80002
2025-09-22T05:32:25.324Z [info]: Received transaction request: function set(uint256) on 0x7ae020a9423d63315f2266d53bbe50ee4749e7fb for chain 80002
2025-09-22T05:32:25.324Z [info]: Received transaction request: function set(uint256) on 0x7ae020a9423d63315f2266d53bbe50ee4749e7fb for chain 80002
2025-09-22T05:32:25.324Z [info]: Received transaction request: function set(uint256) on 0x7ae020a9423d63315f2266d53bbe50ee4749e7fb for chain 80002
2025-09-22T05:32:26.974Z [info]: Transaction queued with ID: 0f32e051-213d-4dfa-8357-4349cfbca160 and Job ID: 138
2025-09-22T05:32:26.980Z [info]: Transaction queued with ID: ed7f70ae-96ea-475e-9917-467f583576b2 and Job ID: 139
2025-09-22T05:32:26.983Z [info]: Processing job 138 for queueId 0f32e051-213d-4dfa-8357-4349cfbca160
2025-09-22T05:32:27.054Z [info]: Transaction queued with ID: db09117e-5d23-44f2-b715-6358abb4483a and Job ID: 140
2025-09-22T05:32:27.056Z [info]: Transaction queued with ID: bf194167-d519-41e9-89f3-be4ed77b007b and Job ID: 141
2025-09-22T05:32:27.057Z [info]: Transaction queued with ID: 945697dc-f6dc-432a-81ad-53852983dfc7 and Job ID: 142
2025-09-22T05:32:27.057Z [info]: Transaction queued with ID: 68a3fe0e-4bc1-48b7-8b58-6c9d12b5a5a6 and Job ID: 143
2025-09-22T05:32:27.057Z [info]: Transaction queued with ID: d14f3fe6-27d4-4adb-8a8e-ac1b175ebf5b and Job ID: 144
2025-09-22T05:32:27.058Z [info]: Transaction queued with ID: ff6975b0-6846-40c9-93d4-beb8efffb54b and Job ID: 145
2025-09-22T05:32:27.058Z [info]: Transaction queued with ID: b0659ec8-e34e-4364-b1c9-2382a208b703 and Job ID: 146
2025-09-22T05:32:27.085Z [info]: Transaction queued with ID: 331b5425-590a-4954-a351-5e50cb192cd6 and Job ID: 147
2025-09-22T05:32:27.085Z [info]: Transaction queued with ID: 6e748f3e-8891-49e0-b775-1d2ea101bff8 and Job ID: 148
2025-09-22T05:32:27.150Z [info]: Transaction queued with ID: c2ccb96f-3476-454b-bef1-b68018b71ba7 and Job ID: 149
2025-09-22T05:32:27.201Z [info]: Transaction queued with ID: 98cb394e-cb6c-480b-9267-6798425f71c6 and Job ID: 150
2025-09-22T05:32:27.202Z [info]: Transaction queued with ID: 4daa4a45-b0c9-4c6a-b085-dfa4ba3d90e8 and Job ID: 151
2025-09-22T05:32:27.202Z [info]: Transaction queued with ID: b0cddb17-296a-46a1-be4b-def5adf96d15 and Job ID: 152
2025-09-22T05:32:27.202Z [info]: Transaction queued with ID: 10c62337-3813-4519-b59a-8f8bf27900c3 and Job ID: 153
2025-09-22T05:32:27.203Z [info]: Transaction queued with ID: 4a3d38ac-386d-4d3a-974f-d0e9044d4953 and Job ID: 154
2025-09-22T05:32:27.203Z [info]: Transaction queued with ID: 2b9cfe27-7431-4c74-b96b-268891254890 and Job ID: 155
2025-09-22T05:32:27.203Z [info]: Transaction queued with ID: c2770278-9c31-4d93-ae07-3f7234e0190b and Job ID: 156
2025-09-22T05:32:27.203Z [info]: Transaction queued with ID: 9beef2d9-0f7b-4407-85cd-87cdb1252edb and Job ID: 157
2025-09-22T05:32:27.204Z [info]: Transaction queued with ID: 6371bf09-031e-40bb-8476-0147d28b78b6 and Job ID: 158
2025-09-22T05:32:27.234Z [info]: Transaction queued with ID: a5750870-1e6b-4e52-9b9e-0412c6144a28 and Job ID: 159
2025-09-22T05:32:27.312Z [info]: Transaction queued with ID: 003cec51-d84f-4ee2-8537-c09dcd43503d and Job ID: 160
2025-09-22T05:32:27.314Z [info]: Transaction queued with ID: af63c3f2-dc00-49e8-9480-ca1033828f35 and Job ID: 161
2025-09-22T05:32:27.315Z [info]: Transaction queued with ID: 0150057e-3279-4db4-922a-f9c063324891 and Job ID: 162
2025-09-22T05:32:27.316Z [info]: Transaction queued with ID: e9a957a0-67b8-4251-97a9-33e3bf0e2d59 and Job ID: 163
2025-09-22T05:32:27.317Z [info]: Transaction queued with ID: 48eafca6-34af-45e7-bd97-3d1ceecf032a and Job ID: 164
2025-09-22T05:32:27.318Z [info]: Transaction queued with ID: 03996e62-1546-4c93-bb9c-2f1c8432b22c and Job ID: 165
2025-09-22T05:32:27.319Z [info]: Transaction queued with ID: 6a8daa04-8379-449d-bb14-d1a4ab30555a and Job ID: 166
2025-09-22T05:32:27.319Z [info]: Transaction queued with ID: 02b7fc01-761f-4f5c-b467-cdc30a96aea9 and Job ID: 167
2025-09-22T05:32:27.322Z [info]: Transaction queued with ID: e49257ab-2138-4e0b-af16-1a0a47ee2d4c and Job ID: 168
2025-09-22T05:32:27.334Z [info]: Transaction queued with ID: 4944ef76-c089-4943-a9f8-86960d1dfbd7 and Job ID: 169
2025-09-22T05:32:27.392Z [info]: Transaction queued with ID: 6d1bae87-6ae7-4cf4-a622-613aef857ca6 and Job ID: 170
2025-09-22T05:32:27.394Z [info]: Transaction queued with ID: 544e76f4-a4c2-4655-aaa2-83b8c7e6d882 and Job ID: 171
2025-09-22T05:32:27.407Z [info]: Transaction queued with ID: 300c1b8b-be6e-4ef4-a97f-405855eaa65b and Job ID: 172
2025-09-22T05:32:27.416Z [info]: Transaction queued with ID: 3f0c85bf-4a36-42c8-9814-8b6d6339fb7a and Job ID: 173
2025-09-22T05:32:27.426Z [info]: Transaction queued with ID: 36a64cc0-afc8-475d-a987-391f2afe813c and Job ID: 174
2025-09-22T05:32:27.427Z [info]: Transaction queued with ID: 1e3cea5e-36cd-4144-ad56-00997fd89a88 and Job ID: 175
2025-09-22T05:32:27.434Z [info]: Transaction queued with ID: c7db0075-0a5f-41fb-8e65-c35a80983d07 and Job ID: 176
2025-09-22T05:32:27.435Z [info]: Transaction queued with ID: 5b101234-c539-4ea4-bc85-c74734d4ac87 and Job ID: 177
2025-09-22T05:32:27.450Z [info]: Transaction queued with ID: 87a79d71-5fd6-458c-8afb-00077c74ca26 and Job ID: 178
2025-09-22T05:32:27.451Z [info]: Transaction queued with ID: cc295938-0533-4951-92ff-d19c9d23456c and Job ID: 179
2025-09-22T05:32:27.477Z [info]: Transaction queued with ID: 899750f7-83c2-4765-a85b-55c446825edd and Job ID: 180
2025-09-22T05:32:27.480Z [info]: Transaction queued with ID: 04b7b82b-e7cf-4d3f-bd33-42b0b2596eed and Job ID: 181
2025-09-22T05:32:27.509Z [info]: Transaction queued with ID: 1639dafe-d857-49e7-a2d2-6f0828a012a6 and Job ID: 182
2025-09-22T05:32:27.511Z [info]: Transaction queued with ID: 19c3fc2f-4dd8-4800-9253-bc8fc20f43fa and Job ID: 183
2025-09-22T05:32:27.512Z [info]: Transaction queued with ID: 22dcbfd9-8cbb-4ff8-b0fa-4cf64c157644 and Job ID: 184
2025-09-22T05:32:27.542Z [info]: Transaction queued with ID: e38abdbf-7f6b-49fd-9cc8-e67b8c935aa9 and Job ID: 185
2025-09-22T05:32:27.543Z [info]: Transaction queued with ID: 3b52131e-7480-4c2e-be95-771ba0c11deb and Job ID: 186
2025-09-22T05:32:27.544Z [info]: Transaction queued with ID: 72279d34-0bfa-425d-a312-4be5fa37642e and Job ID: 187
2025-09-22T05:32:27.556Z [info]: Transaction queued with ID: 54870708-7b2e-4460-a360-21c8e3e66818 and Job ID: 188
2025-09-22T05:32:27.557Z [info]: Transaction queued with ID: 5a114eb3-ceea-4c94-8bca-828d3c2d3751 and Job ID: 189
2025-09-22T05:32:27.558Z [info]: Transaction queued with ID: 3815e7ff-c691-4580-92b5-8b8cf0c2f322 and Job ID: 190
2025-09-22T05:32:27.560Z [info]: Transaction queued with ID: 47d78c05-2a8f-4170-bb65-18f7b648b507 and Job ID: 191
2025-09-22T05:32:27.589Z [info]: Transaction queued with ID: 10b2dd0f-3899-44a7-a751-8ec8e8bfc9ec and Job ID: 192
2025-09-22T05:32:27.597Z [info]: Transaction queued with ID: 1c018700-f20a-4409-8229-3011379af7ac and Job ID: 193
2025-09-22T05:32:27.610Z [info]: Transaction queued with ID: e249a99d-110e-446e-9796-a2f74c2865c6 and Job ID: 194
2025-09-22T05:32:27.633Z [info]: Transaction queued with ID: 39cdc2f8-3e41-4092-993a-49072c403d44 and Job ID: 195
2025-09-22T05:32:27.634Z [info]: Transaction queued with ID: 7530d4cc-a003-4d8d-9b64-ad5dd037a2ca and Job ID: 196
2025-09-22T05:32:27.637Z [info]: Transaction queued with ID: b6474092-50a1-448f-8564-8e3a354fd531 and Job ID: 197
2025-09-22T05:32:27.639Z [info]: Transaction queued with ID: 5670460c-27e3-4e9c-b4ec-3ce640073e14 and Job ID: 198
2025-09-22T05:32:27.643Z [info]: Transaction queued with ID: f2751fa9-e098-4674-b7d9-fd09366d4052 and Job ID: 199
2025-09-22T05:32:27.694Z [info]: Transaction queued with ID: cbc1fd2c-29e8-460e-bca8-480f67da1eb5 and Job ID: 200
2025-09-22T05:32:27.696Z [info]: Transaction queued with ID: 2d035079-62b8-499f-bf7f-275d2ff33a15 and Job ID: 201
2025-09-22T05:32:27.696Z [info]: Transaction queued with ID: 14eabe90-8425-419b-a1dc-8bc3570cb139 and Job ID: 202
2025-09-22T05:32:27.697Z [info]: Transaction queued with ID: 1b58f11c-23d6-45be-a073-d6ededf46d3f and Job ID: 203
2025-09-22T05:32:27.705Z [info]: Transaction queued with ID: 5fdd5693-0f5b-426b-aa97-9df86757d003 and Job ID: 204
2025-09-22T05:32:27.732Z [info]: Transaction queued with ID: 56b9b8f3-398b-489e-8e84-6d78405796ff and Job ID: 205
2025-09-22T05:32:27.736Z [info]: Transaction queued with ID: 1c98f5c8-674b-44d5-a42c-0817606816bd and Job ID: 206
2025-09-22T05:32:27.737Z [info]: Transaction queued with ID: 4b22e104-f6ae-4e1a-a9ce-8f4991233571 and Job ID: 207
2025-09-22T05:32:27.737Z [info]: Transaction queued with ID: 521539d2-a703-4891-8a24-5061b1043306 and Job ID: 208
2025-09-22T05:32:27.778Z [info]: Transaction queued with ID: 053f4d10-e69d-4056-952c-8c9b25aada4a and Job ID: 209
2025-09-22T05:32:27.782Z [info]: Transaction queued with ID: 4c9f838d-0913-4554-9f73-17326f42be0f and Job ID: 210
2025-09-22T05:32:27.801Z [info]: Transaction queued with ID: b17dbc30-6077-4466-a1bd-b433aaf1c59c and Job ID: 211
2025-09-22T05:32:27.802Z [info]: Transaction queued with ID: fe600be8-bd84-497d-84c7-4319b0610f74 and Job ID: 212
2025-09-22T05:32:27.820Z [info]: Transaction queued with ID: cb284f2c-4cfe-41b4-881c-37cc82a73f84 and Job ID: 213
2025-09-22T05:32:27.831Z [info]: Transaction queued with ID: 388e39aa-fd21-4625-a66f-cb293c47bf01 and Job ID: 214
2025-09-22T05:32:27.833Z [info]: Transaction queued with ID: 248856d8-b1ca-43e4-959a-2449ba022817 and Job ID: 215
2025-09-22T05:32:27.837Z [info]: Transaction queued with ID: e0db5680-4302-40d9-a38c-2a4e46533715 and Job ID: 216
2025-09-22T05:32:27.864Z [info]: Transaction queued with ID: 82ebf843-68e5-42da-8277-c2039866efeb and Job ID: 217
2025-09-22T05:32:27.866Z [info]: Transaction queued with ID: 4cce36e8-c1c7-4865-8f38-6842fb7e1a8b and Job ID: 218
2025-09-22T05:32:27.867Z [info]: Transaction queued with ID: c72392bd-6f6d-426d-9364-cabc8d20aa26 and Job ID: 219
2025-09-22T05:32:27.910Z [info]: Transaction queued with ID: 01a1e959-5310-4eb2-a037-89daa3e316b0 and Job ID: 220
2025-09-22T05:32:27.910Z [info]: Transaction queued with ID: f7fbaf46-400e-40ca-a352-0d796e0c4134 and Job ID: 221
2025-09-22T05:32:27.919Z [info]: Transaction queued with ID: e08acd96-834d-4ae6-9371-ee25a7364a04 and Job ID: 222
2025-09-22T05:32:27.922Z [info]: Transaction queued with ID: b22e4d17-fe6b-4796-8f01-579b5c310c8f and Job ID: 223
2025-09-22T05:32:27.935Z [info]: Transaction queued with ID: e660a7d8-0602-4e1c-a277-6b488d8ca14f and Job ID: 224
2025-09-22T05:32:27.937Z [info]: Transaction queued with ID: cdd2230c-7fb0-4b10-9118-e20d5efba996 and Job ID: 225
2025-09-22T05:32:27.944Z [info]: Transaction queued with ID: 6d20cb43-9fa3-47e2-86a7-db6fe5642bc3 and Job ID: 226
2025-09-22T05:32:27.946Z [info]: Transaction queued with ID: 4bd0f0c0-6eee-4d43-9688-34ba40f53035 and Job ID: 227
2025-09-22T05:32:27.964Z [info]: Transaction queued with ID: 159ae96f-a559-4c7e-9bc3-6b99bdce081f and Job ID: 228
2025-09-22T05:32:27.966Z [info]: Transaction queued with ID: 432a70d6-5b17-4bd6-80b1-82ab8666dec7 and Job ID: 229
2025-09-22T05:32:28.020Z [info]: Transaction queued with ID: 5965b9a4-2818-4f35-bedf-130cd7ad775e and Job ID: 230
2025-09-22T05:32:28.020Z [info]: Transaction queued with ID: edcbb253-f43c-4ad1-8b0e-348e4aad7a59 and Job ID: 231
2025-09-22T05:32:28.021Z [info]: Transaction queued with ID: e4a217ff-62f7-463c-bc4a-ad7bd93eb469 and Job ID: 232
2025-09-22T05:32:28.021Z [info]: Transaction queued with ID: 85599fc8-ae6a-43e2-911c-7f78a1fa64ef and Job ID: 233
2025-09-22T05:32:28.022Z [info]: Transaction queued with ID: 5b060abf-6fd9-4c64-9971-9610e756883a and Job ID: 234
2025-09-22T05:32:28.024Z [info]: Transaction queued with ID: f8059d31-ee2f-42ad-8ed2-16544e74395d and Job ID: 235
2025-09-22T05:32:28.025Z [info]: Transaction queued with ID: 647e8364-9f85-423b-9b59-1c74ecd02b4f and Job ID: 236
2025-09-22T05:32:28.127Z [info]: Transaction queued with ID: c67ef32a-23f2-4631-8564-8ccafb4f0e48 and Job ID: 237
2025-09-22T05:32:30.097Z [info]: Transaction sent: "0x785e5445342a1ca23223ead0c2b598c873823be0dc8506c65891de7609dfc789"
2025-09-22T05:32:30.585Z [info]: Transaction mined 0x785e5445342a1ca23223ead0c2b598c873823be0dc8506c65891de7609dfc789  
2025-09-22T05:32:30.688Z [info]: Job 138 completed for queueId=0f32e051-213d-4dfa-8357-4349cfbca160
2025-09-22T05:32:30.689Z [info]: Processing job 139 for queueId ed7f70ae-96ea-475e-9917-467f583576b2
2025-09-22T05:32:32.956Z [info]: Transaction sent: "0x131e60896c255f41c27b2f13df75c9d51ad259e112d7873e5c2e3ba92ecd0733"
2025-09-22T05:32:39.093Z [info]: Transaction mined 0x131e60896c255f41c27b2f13df75c9d51ad259e112d7873e5c2e3ba92ecd0733  
2025-09-22T05:32:39.196Z [info]: Job 139 completed for queueId=ed7f70ae-96ea-475e-9917-467f583576b2
2025-09-22T05:32:39.197Z [info]: Processing job 140 for queueId db09117e-5d23-44f2-b715-6358abb4483a
2025-09-22T05:32:41.254Z [info]: Transaction sent: "0x9a24132c675346a1e68ff2619c42ef45952f06024b9fbd27e5fb25ddd581403e"
2025-09-22T05:32:47.279Z [info]: Transaction mined 0x9a24132c675346a1e68ff2619c42ef45952f06024b9fbd27e5fb25ddd581403e  
2025-09-22T05:32:47.382Z [info]: Job 140 completed for queueId=db09117e-5d23-44f2-b715-6358abb4483a
2025-09-22T05:32:47.383Z [info]: Processing job 141 for queueId bf194167-d519-41e9-89f3-be4ed77b007b
2025-09-22T05:32:49.308Z [info]: Transaction sent: "0x37b8f65670405f279bf12181804096794f9c4b859a6cf87aa13c3b0ad96ba8a8"
2025-09-22T05:32:55.266Z [info]: Transaction mined 0x37b8f65670405f279bf12181804096794f9c4b859a6cf87aa13c3b0ad96ba8a8  
2025-09-22T05:32:55.373Z [info]: Job 141 completed for queueId=bf194167-d519-41e9-89f3-be4ed77b007b
2025-09-22T05:32:55.373Z [info]: Processing job 142 for queueId 945697dc-f6dc-432a-81ad-53852983dfc7
2025-09-22T05:32:57.623Z [info]: Transaction sent: "0x983db3076e08723d0db737a08f91b610c07fccf85311740c940ea6d1eec8f257"
2025-09-22T05:33:03.568Z [info]: Transaction mined 0x983db3076e08723d0db737a08f91b610c07fccf85311740c940ea6d1eec8f257  
2025-09-22T05:33:03.672Z [info]: Job 142 completed for queueId=945697dc-f6dc-432a-81ad-53852983dfc7
2025-09-22T05:33:03.676Z [info]: Processing job 143 for queueId 68a3fe0e-4bc1-48b7-8b58-6c9d12b5a5a6
2025-09-22T05:33:05.797Z [info]: Transaction sent: "0xe4af13780ec36a0b297d1319a4a7ae5a8ae623b16e31abd1e20a78ec24b4686c"
2025-09-22T05:33:06.333Z [info]: Transaction mined 0xe4af13780ec36a0b297d1319a4a7ae5a8ae623b16e31abd1e20a78ec24b4686c  
2025-09-22T05:33:06.451Z [info]: Job 143 completed for queueId=68a3fe0e-4bc1-48b7-8b58-6c9d12b5a5a6
2025-09-22T05:33:06.451Z [info]: Processing job 144 for queueId d14f3fe6-27d4-4adb-8a8e-ac1b175ebf5b
2025-09-22T05:33:08.382Z [info]: Transaction sent: "0xa0ce8170a418dc3a140f4d5039158449c08ce0659a1fb1bba6be024bc3c91504"
2025-09-22T05:33:14.319Z [info]: Transaction mined 0xa0ce8170a418dc3a140f4d5039158449c08ce0659a1fb1bba6be024bc3c91504  
2025-09-22T05:33:14.427Z [info]: Job 144 completed for queueId=d14f3fe6-27d4-4adb-8a8e-ac1b175ebf5b
2025-09-22T05:33:14.428Z [info]: Processing job 145 for queueId ff6975b0-6846-40c9-93d4-beb8efffb54b
2025-09-22T05:33:16.522Z [info]: Transaction sent: "0x69cb13965aa4e00a43261bf22d1f64d5a5289af3c8695dd3a038874b3f429ed2"
2025-09-22T05:33:22.451Z [info]: Transaction mined 0x69cb13965aa4e00a43261bf22d1f64d5a5289af3c8695dd3a038874b3f429ed2  
2025-09-22T05:33:22.564Z [info]: Job 145 completed for queueId=ff6975b0-6846-40c9-93d4-beb8efffb54b
2025-09-22T05:33:22.565Z [info]: Processing job 146 for queueId b0659ec8-e34e-4364-b1c9-2382a208b703
2025-09-22T05:33:24.963Z [info]: Transaction sent: "0xbdc0cce4a58f48e29d0fc410fb9e788be6d15fc36d5ef917112b6cd3a90bb42a"
2025-09-22T05:33:31.011Z [info]: Transaction mined 0xbdc0cce4a58f48e29d0fc410fb9e788be6d15fc36d5ef917112b6cd3a90bb42a  
2025-09-22T05:33:31.117Z [info]: Job 146 completed for queueId=b0659ec8-e34e-4364-b1c9-2382a208b703
2025-09-22T05:33:31.118Z [info]: Processing job 147 for queueId 331b5425-590a-4954-a351-5e50cb192cd6
2025-09-22T05:33:33.134Z [info]: Transaction sent: "0x64b3c6ebbc85440466172681ea8c26ceb0fecbd8b8f189dddd31b4519b6ac488"
2025-09-22T05:33:39.196Z [info]: Transaction mined 0x64b3c6ebbc85440466172681ea8c26ceb0fecbd8b8f189dddd31b4519b6ac488  
2025-09-22T05:33:39.308Z [info]: Job 147 completed for queueId=331b5425-590a-4954-a351-5e50cb192cd6
2025-09-22T05:33:39.310Z [info]: Processing job 148 for queueId 6e748f3e-8891-49e0-b775-1d2ea101bff8
2025-09-22T05:33:41.533Z [info]: Transaction sent: "0x10328a455e3267037ba585076301154a4ef3d4280308279e96aaf3a953beb112"
2025-09-22T05:33:47.470Z [info]: Transaction mined 0x10328a455e3267037ba585076301154a4ef3d4280308279e96aaf3a953beb112  
2025-09-22T05:33:47.578Z [info]: Job 148 completed for queueId=6e748f3e-8891-49e0-b775-1d2ea101bff8
2025-09-22T05:33:47.579Z [info]: Processing job 149 for queueId c2ccb96f-3476-454b-bef1-b68018b71ba7
2025-09-22T05:33:50.570Z [info]: Transaction sent: "0xd056dff78c2f9e75624dcf4c096b8339bd53eb1b37034a8b650bda3a53fa0a98"
2025-09-22T05:33:56.563Z [info]: Transaction mined 0xd056dff78c2f9e75624dcf4c096b8339bd53eb1b37034a8b650bda3a53fa0a98  
2025-09-22T05:33:56.671Z [info]: Job 149 completed for queueId=c2ccb96f-3476-454b-bef1-b68018b71ba7
2025-09-22T05:33:56.673Z [info]: Processing job 150 for queueId 98cb394e-cb6c-480b-9267-6798425f71c6
2025-09-22T05:33:58.783Z [info]: Transaction sent: "0x979f1c2f29304d4e301adabaed8abf7b230949745db262bd1cc3713c6f82f70d"
2025-09-22T05:34:04.702Z [info]: Transaction mined 0x979f1c2f29304d4e301adabaed8abf7b230949745db262bd1cc3713c6f82f70d  
2025-09-22T05:34:04.815Z [info]: Job 150 completed for queueId=98cb394e-cb6c-480b-9267-6798425f71c6
2025-09-22T05:34:04.816Z [info]: Processing job 151 for queueId 4daa4a45-b0c9-4c6a-b085-dfa4ba3d90e8
2025-09-22T05:34:06.823Z [info]: Transaction sent: "0xdc1c55debe778203d7904c86acb85c031dcf731b30bc7a007d6fa9149c1fa608"
2025-09-22T05:34:12.788Z [info]: Transaction mined 0xdc1c55debe778203d7904c86acb85c031dcf731b30bc7a007d6fa9149c1fa608  
2025-09-22T05:34:12.892Z [info]: Job 151 completed for queueId=4daa4a45-b0c9-4c6a-b085-dfa4ba3d90e8
2025-09-22T05:34:12.893Z [info]: Processing job 152 for queueId b0cddb17-296a-46a1-be4b-def5adf96d15
2025-09-22T05:34:14.917Z [info]: Transaction sent: "0x56f613e03433a2edd46ec1a42917ec832e25fa1ce3d204ef724a35b7b67676e7"
2025-09-22T05:34:20.901Z [info]: Transaction mined 0x56f613e03433a2edd46ec1a42917ec832e25fa1ce3d204ef724a35b7b67676e7  
2025-09-22T05:34:21.009Z [info]: Job 152 completed for queueId=b0cddb17-296a-46a1-be4b-def5adf96d15
2025-09-22T05:34:21.010Z [info]: Processing job 153 for queueId 10c62337-3813-4519-b59a-8f8bf27900c3
2025-09-22T05:34:23.013Z [info]: Transaction sent: "0x0c33c380b967fb676907582aeba4192daf7df24299a26f5c578ce4a2138cec20"
2025-09-22T05:34:28.893Z [info]: Transaction mined 0x0c33c380b967fb676907582aeba4192daf7df24299a26f5c578ce4a2138cec20  
2025-09-22T05:34:29.024Z [info]: Job 153 completed for queueId=10c62337-3813-4519-b59a-8f8bf27900c3
2025-09-22T05:34:29.025Z [info]: Processing job 154 for queueId 4a3d38ac-386d-4d3a-974f-d0e9044d4953
2025-09-22T05:34:31.734Z [info]: Transaction sent: "0x1c64a40ab5c3e55c29a1809569c6a2510102a0c3729070f69914b82993b91fe4"
2025-09-22T05:34:32.351Z [info]: Transaction mined 0x1c64a40ab5c3e55c29a1809569c6a2510102a0c3729070f69914b82993b91fe4  
2025-09-22T05:34:32.449Z [info]: Job 154 completed for queueId=4a3d38ac-386d-4d3a-974f-d0e9044d4953
2025-09-22T05:34:32.449Z [info]: Processing job 155 for queueId 2b9cfe27-7431-4c74-b96b-268891254890
2025-09-22T05:34:34.482Z [info]: Transaction sent: "0x272df7349aa8973e3a699e8c4f226ef1bd0448cb048048dc86dc10d1e1ae3931"
2025-09-22T05:34:40.478Z [info]: Transaction mined 0x272df7349aa8973e3a699e8c4f226ef1bd0448cb048048dc86dc10d1e1ae3931  
2025-09-22T05:34:40.592Z [info]: Job 155 completed for queueId=2b9cfe27-7431-4c74-b96b-268891254890
2025-09-22T05:34:40.594Z [info]: Processing job 156 for queueId c2770278-9c31-4d93-ae07-3f7234e0190b
2025-09-22T05:34:42.510Z [info]: Transaction sent: "0x025b64d84d1bff53d4b622f4884a5ca2a31d7ac435f5dfd1e1d5b2a5094cd929"
2025-09-22T05:34:48.368Z [info]: Transaction mined 0x025b64d84d1bff53d4b622f4884a5ca2a31d7ac435f5dfd1e1d5b2a5094cd929  
2025-09-22T05:34:48.471Z [info]: Job 156 completed for queueId=c2770278-9c31-4d93-ae07-3f7234e0190b
2025-09-22T05:34:48.472Z [info]: Processing job 157 for queueId 9beef2d9-0f7b-4407-85cd-87cdb1252edb
2025-09-22T05:34:50.448Z [info]: Transaction sent: "0x65744d276a628c78717a67b1f8a9494e898b6e1c5e3f1974fcbd5d5e44f7b04f"
2025-09-22T05:34:56.380Z [info]: Transaction mined 0x65744d276a628c78717a67b1f8a9494e898b6e1c5e3f1974fcbd5d5e44f7b04f  
2025-09-22T05:34:56.495Z [info]: Job 157 completed for queueId=9beef2d9-0f7b-4407-85cd-87cdb1252edb
2025-09-22T05:34:56.495Z [info]: Processing job 158 for queueId 6371bf09-031e-40bb-8476-0147d28b78b6
2025-09-22T05:34:58.566Z [info]: Transaction sent: "0xc163b656774e1bd19da568fcb59587812428ab720cd66bf3e0d5f1bb4649b99c"
2025-09-22T05:35:04.458Z [info]: Transaction mined 0xc163b656774e1bd19da568fcb59587812428ab720cd66bf3e0d5f1bb4649b99c  
2025-09-22T05:35:04.565Z [info]: Job 158 completed for queueId=6371bf09-031e-40bb-8476-0147d28b78b6
2025-09-22T05:35:04.566Z [info]: Processing job 159 for queueId a5750870-1e6b-4e52-9b9e-0412c6144a28
2025-09-22T05:35:06.614Z [info]: Transaction sent: "0xfd3cd9169a27c557cd775272dee304ef5ac7ab59593487286d59a8d56226d5cf"
2025-09-22T05:35:12.548Z [info]: Transaction mined 0xfd3cd9169a27c557cd775272dee304ef5ac7ab59593487286d59a8d56226d5cf  
2025-09-22T05:35:12.655Z [info]: Job 159 completed for queueId=a5750870-1e6b-4e52-9b9e-0412c6144a28
2025-09-22T05:35:12.656Z [info]: Processing job 160 for queueId 003cec51-d84f-4ee2-8537-c09dcd43503d
2025-09-22T05:35:16.042Z [info]: Transaction sent: "0x165a022404db19f628f44c795c995eff975aaf512439907ab2bcd5cd9d5f5116"
2025-09-22T05:35:17.822Z [info]: Transaction mined 0x165a022404db19f628f44c795c995eff975aaf512439907ab2bcd5cd9d5f5116  
2025-09-22T05:35:17.920Z [info]: Job 160 completed for queueId=003cec51-d84f-4ee2-8537-c09dcd43503d
2025-09-22T05:35:17.920Z [info]: Processing job 161 for queueId af63c3f2-dc00-49e8-9480-ca1033828f35
2025-09-22T05:35:19.911Z [info]: Transaction sent: "0x07b98c242a648da1c809421645b4de2aa334f0b174b8f979aa773090fc242eb6"
2025-09-22T05:35:22.928Z [info]: Transaction mined 0x07b98c242a648da1c809421645b4de2aa334f0b174b8f979aa773090fc242eb6  
2025-09-22T05:35:23.360Z [info]: Job 161 completed for queueId=af63c3f2-dc00-49e8-9480-ca1033828f35
2025-09-22T05:35:23.361Z [info]: Processing job 162 for queueId 0150057e-3279-4db4-922a-f9c063324891
2025-09-22T05:35:25.470Z [info]: Transaction sent: "0x78d7e99f3997f4dfbbfab05ea1b23698bdba0cbe5aa881475fa1c1914fc3fb67"
2025-09-22T05:35:31.327Z [info]: Transaction mined 0x78d7e99f3997f4dfbbfab05ea1b23698bdba0cbe5aa881475fa1c1914fc3fb67  
2025-09-22T05:35:31.429Z [info]: Job 162 completed for queueId=0150057e-3279-4db4-922a-f9c063324891
2025-09-22T05:35:31.430Z [info]: Processing job 163 for queueId e9a957a0-67b8-4251-97a9-33e3bf0e2d59
2025-09-22T05:35:33.244Z [info]: Transaction sent: "0x1c66993cdb053c1d158be20d10404a944312e42c78787d838badfb643a2f9558"
2025-09-22T05:35:39.109Z [info]: Transaction mined 0x1c66993cdb053c1d158be20d10404a944312e42c78787d838badfb643a2f9558  
2025-09-22T05:35:39.212Z [info]: Job 163 completed for queueId=e9a957a0-67b8-4251-97a9-33e3bf0e2d59
2025-09-22T05:35:39.212Z [info]: Processing job 164 for queueId 48eafca6-34af-45e7-bd97-3d1ceecf032a
2025-09-22T05:35:41.165Z [info]: Transaction sent: "0xa3d4a79156c2c3c422c33f8850b6d4ac6e99b34a23323e00c7b67ad786bb0c8c"
2025-09-22T05:35:47.017Z [info]: Transaction mined 0xa3d4a79156c2c3c422c33f8850b6d4ac6e99b34a23323e00c7b67ad786bb0c8c  
2025-09-22T05:35:47.123Z [info]: Job 164 completed for queueId=48eafca6-34af-45e7-bd97-3d1ceecf032a
2025-09-22T05:35:47.127Z [info]: Processing job 165 for queueId 03996e62-1546-4c93-bb9c-2f1c8432b22c
2025-09-22T05:36:20.576Z [info]: Transaction sent: "0x6988fd1dd8ff8588ddecd7257f2e004acb7694a87cbaa536491c9c5d157abdc6"
2025-09-22T05:36:27.247Z [info]: Transaction mined 0x6988fd1dd8ff8588ddecd7257f2e004acb7694a87cbaa536491c9c5d157abdc6  
2025-09-22T05:36:27.333Z [info]: Job 165 completed for queueId=03996e62-1546-4c93-bb9c-2f1c8432b22c
2025-09-22T05:36:27.334Z [info]: Processing job 166 for queueId 6a8daa04-8379-449d-bb14-d1a4ab30555a
2025-09-22T05:37:00.765Z [info]: Transaction sent: "0xf2da129ebd5ca7ac7a527128709a3e3578b6d135b0120668b9a9a03528d2c8d1"
2025-09-22T05:37:07.374Z [info]: Transaction mined 0xf2da129ebd5ca7ac7a527128709a3e3578b6d135b0120668b9a9a03528d2c8d1  
2025-09-22T05:37:07.479Z [info]: Job 166 completed for queueId=6a8daa04-8379-449d-bb14-d1a4ab30555a
2025-09-22T05:37:07.489Z [info]: Processing job 167 for queueId 02b7fc01-761f-4f5c-b467-cdc30a96aea9
2025-09-22T05:37:09.435Z [info]: Transaction sent: "0x5d49115a74671902d10dad8869f4ac93daeefd927d2ff9fa935814154f20f84d"
2025-09-22T05:37:15.324Z [info]: Transaction mined 0x5d49115a74671902d10dad8869f4ac93daeefd927d2ff9fa935814154f20f84d  
2025-09-22T05:37:15.433Z [info]: Job 167 completed for queueId=02b7fc01-761f-4f5c-b467-cdc30a96aea9
2025-09-22T05:37:15.433Z [info]: Processing job 168 for queueId e49257ab-2138-4e0b-af16-1a0a47ee2d4c
2025-09-22T05:37:17.334Z [info]: Transaction sent: "0xaaac424d1a4259574b822ddd80e243b565b44ccd47153d76057c52c7bbad0244"
2025-09-22T05:37:23.195Z [info]: Transaction mined 0xaaac424d1a4259574b822ddd80e243b565b44ccd47153d76057c52c7bbad0244  
2025-09-22T05:37:23.300Z [info]: Job 168 completed for queueId=e49257ab-2138-4e0b-af16-1a0a47ee2d4c
2025-09-22T05:37:23.302Z [info]: Processing job 169 for queueId 4944ef76-c089-4943-a9f8-86960d1dfbd7
2025-09-22T05:37:25.149Z [info]: Transaction sent: "0xebaa01ba29c71e72a7ef6ba2cac3bc48388dc3f1ecac957aef302f53b9203f4a"
2025-09-22T05:37:31.190Z [info]: Transaction mined 0xebaa01ba29c71e72a7ef6ba2cac3bc48388dc3f1ecac957aef302f53b9203f4a  
2025-09-22T05:37:31.292Z [info]: Job 169 completed for queueId=4944ef76-c089-4943-a9f8-86960d1dfbd7
2025-09-22T05:37:31.294Z [info]: Processing job 170 for queueId 6d1bae87-6ae7-4cf4-a622-613aef857ca6
2025-09-22T05:37:33.140Z [info]: Transaction sent: "0x447af15d5c72aae238d2083f5c6089be09d6e96ff14c6f03379ea47f57e2b67a"
2025-09-22T05:37:39.002Z [info]: Transaction mined 0x447af15d5c72aae238d2083f5c6089be09d6e96ff14c6f03379ea47f57e2b67a  
2025-09-22T05:37:39.100Z [info]: Job 170 completed for queueId=6d1bae87-6ae7-4cf4-a622-613aef857ca6
2025-09-22T05:37:39.102Z [info]: Processing job 171 for queueId 544e76f4-a4c2-4655-aaa2-83b8c7e6d882
2025-09-22T05:37:40.962Z [info]: Transaction sent: "0xeee9be73edcde2b1e0444872c529599a5407b7b4224469e47665b9b0d7b66791"
2025-09-22T05:37:46.818Z [info]: Transaction mined 0xeee9be73edcde2b1e0444872c529599a5407b7b4224469e47665b9b0d7b66791  
2025-09-22T05:37:46.926Z [info]: Job 171 completed for queueId=544e76f4-a4c2-4655-aaa2-83b8c7e6d882
2025-09-22T05:37:46.928Z [info]: Processing job 172 for queueId 300c1b8b-be6e-4ef4-a97f-405855eaa65b
2025-09-22T05:37:48.845Z [info]: Transaction sent: "0x598205363c95829afecab19baf24055757c1354fc0dc95e2a5c478ca44ee8489"
2025-09-22T05:37:55.035Z [info]: Transaction mined 0x598205363c95829afecab19baf24055757c1354fc0dc95e2a5c478ca44ee8489  
2025-09-22T05:37:55.141Z [info]: Job 172 completed for queueId=300c1b8b-be6e-4ef4-a97f-405855eaa65b
2025-09-22T05:37:55.142Z [info]: Processing job 173 for queueId 3f0c85bf-4a36-42c8-9814-8b6d6339fb7a
2025-09-22T05:37:57.058Z [info]: Transaction sent: "0xbf7b4007ad6074d907a43c263e335798ae58f2a49ea8bd979853c90e2013281e"
2025-09-22T05:38:03.096Z [info]: Transaction mined 0xbf7b4007ad6074d907a43c263e335798ae58f2a49ea8bd979853c90e2013281e  
2025-09-22T05:38:03.210Z [info]: Job 173 completed for queueId=3f0c85bf-4a36-42c8-9814-8b6d6339fb7a
2025-09-22T05:38:03.212Z [info]: Processing job 174 for queueId 36a64cc0-afc8-475d-a987-391f2afe813c
2025-09-22T05:38:05.149Z [info]: Transaction sent: "0x6c9f6b21518fdba611f5d11cc73617ebc55fa552226de7279e9956cb9cf857ea"
2025-09-22T05:38:11.065Z [info]: Transaction mined 0x6c9f6b21518fdba611f5d11cc73617ebc55fa552226de7279e9956cb9cf857ea  
2025-09-22T05:38:11.179Z [info]: Job 174 completed for queueId=36a64cc0-afc8-475d-a987-391f2afe813c
2025-09-22T05:38:11.180Z [info]: Processing job 175 for queueId 1e3cea5e-36cd-4144-ad56-00997fd89a88
2025-09-22T05:38:13.107Z [info]: Transaction sent: "0xa874faba760c18a5936fe2ff86a37ebd5005dace7130115b7f3c6b7eee2c6502"
2025-09-22T05:38:19.054Z [info]: Transaction mined 0xa874faba760c18a5936fe2ff86a37ebd5005dace7130115b7f3c6b7eee2c6502  
2025-09-22T05:38:19.160Z [info]: Job 175 completed for queueId=1e3cea5e-36cd-4144-ad56-00997fd89a88
2025-09-22T05:38:19.162Z [info]: Processing job 176 for queueId c7db0075-0a5f-41fb-8e65-c35a80983d07
2025-09-22T05:38:21.060Z [info]: Transaction sent: "0x94406fb5846efd2a21cc5b9e9c433f86e1bd28f7e60ba7dfb3a6a895fe2b5a0f"
2025-09-22T05:38:26.919Z [info]: Transaction mined 0x94406fb5846efd2a21cc5b9e9c433f86e1bd28f7e60ba7dfb3a6a895fe2b5a0f  
2025-09-22T05:38:27.028Z [info]: Job 176 completed for queueId=c7db0075-0a5f-41fb-8e65-c35a80983d07
2025-09-22T05:38:27.029Z [info]: Processing job 177 for queueId 5b101234-c539-4ea4-bc85-c74734d4ac87
2025-09-22T05:38:29.120Z [info]: Transaction sent: "0x0492372c95e2b3ab2dabdb426c9ee2f69241dda73b968136c9cba72e455adf7e"
2025-09-22T05:38:34.979Z [info]: Transaction mined 0x0492372c95e2b3ab2dabdb426c9ee2f69241dda73b968136c9cba72e455adf7e  
2025-09-22T05:38:35.106Z [info]: Job 177 completed for queueId=5b101234-c539-4ea4-bc85-c74734d4ac87
2025-09-22T05:38:35.107Z [info]: Processing job 178 for queueId 87a79d71-5fd6-458c-8afb-00077c74ca26
2025-09-22T05:38:37.141Z [info]: Transaction sent: "0xf120e9cc9a74bc1163bfe05b5c928bdbf09636d51bc6d151bdb99f5c1de45feb"
2025-09-22T05:38:43.033Z [info]: Transaction mined 0xf120e9cc9a74bc1163bfe05b5c928bdbf09636d51bc6d151bdb99f5c1de45feb  
2025-09-22T05:38:43.144Z [info]: Job 178 completed for queueId=87a79d71-5fd6-458c-8afb-00077c74ca26
2025-09-22T05:38:43.146Z [info]: Processing job 179 for queueId cc295938-0533-4951-92ff-d19c9d23456c
2025-09-22T05:38:45.028Z [info]: Transaction sent: "0xe1dd1d7f1f54be8a12a32d14e2de1c55a81dc157f31bff381e031adb78c87641"
2025-09-22T05:38:50.897Z [info]: Transaction mined 0xe1dd1d7f1f54be8a12a32d14e2de1c55a81dc157f31bff381e031adb78c87641  
2025-09-22T05:38:50.996Z [info]: Job 179 completed for queueId=cc295938-0533-4951-92ff-d19c9d23456c
2025-09-22T05:38:50.996Z [info]: Processing job 180 for queueId 899750f7-83c2-4765-a85b-55c446825edd
2025-09-22T05:38:53.031Z [info]: Transaction sent: "0x1865477eb7b91fba6ba8cb6addd91115970075aa7b3484ae08e9d73461442f06"
2025-09-22T05:38:58.885Z [info]: Transaction mined 0x1865477eb7b91fba6ba8cb6addd91115970075aa7b3484ae08e9d73461442f06  
2025-09-22T05:38:58.982Z [info]: Job 180 completed for queueId=899750f7-83c2-4765-a85b-55c446825edd
2025-09-22T05:38:58.984Z [info]: Processing job 181 for queueId 04b7b82b-e7cf-4d3f-bd33-42b0b2596eed
2025-09-22T05:39:00.815Z [info]: Transaction sent: "0xda24344746bb182c9ceb86261845ef540c48a55be692f064cb5798a0c31859d8"
2025-09-22T05:39:10.266Z [info]: Transaction mined 0xda24344746bb182c9ceb86261845ef540c48a55be692f064cb5798a0c31859d8  
2025-09-22T05:39:10.385Z [info]: Job 181 completed for queueId=04b7b82b-e7cf-4d3f-bd33-42b0b2596eed
2025-09-22T05:39:10.387Z [info]: Processing job 182 for queueId 1639dafe-d857-49e7-a2d2-6f0828a012a6
2025-09-22T05:39:12.597Z [info]: Transaction sent: "0x959f578364096ce8da1ab4a3c19654e8b0a8f8f5488e055d8ee97c5239c5de27"
2025-09-22T05:39:18.592Z [info]: Transaction mined 0x959f578364096ce8da1ab4a3c19654e8b0a8f8f5488e055d8ee97c5239c5de27  
2025-09-22T05:39:18.689Z [info]: Job 182 completed for queueId=1639dafe-d857-49e7-a2d2-6f0828a012a6
2025-09-22T05:39:18.689Z [info]: Processing job 183 for queueId 19c3fc2f-4dd8-4800-9253-bc8fc20f43fa
2025-09-22T05:39:20.637Z [info]: Transaction sent: "0x3f119af5cd4d92822ce733b5507079b70e54da41709cf01497d6d9fa1e549b0d"
2025-09-22T05:39:26.492Z [info]: Transaction mined 0x3f119af5cd4d92822ce733b5507079b70e54da41709cf01497d6d9fa1e549b0d  
2025-09-22T05:39:26.686Z [info]: Job 183 completed for queueId=19c3fc2f-4dd8-4800-9253-bc8fc20f43fa
2025-09-22T05:39:26.689Z [info]: Processing job 184 for queueId 22dcbfd9-8cbb-4ff8-b0fa-4cf64c157644
2025-09-22T05:39:29.138Z [info]: Transaction sent: "0xb5ea746d5fe790c71683f3d9b4040fd7a9ae62367f7ddfa62797bd87a3fdc8ca"
2025-09-22T05:39:34.997Z [info]: Transaction mined 0xb5ea746d5fe790c71683f3d9b4040fd7a9ae62367f7ddfa62797bd87a3fdc8ca  
2025-09-22T05:39:35.104Z [info]: Job 184 completed for queueId=22dcbfd9-8cbb-4ff8-b0fa-4cf64c157644
2025-09-22T05:39:35.104Z [info]: Processing job 185 for queueId e38abdbf-7f6b-49fd-9cc8-e67b8c935aa9
2025-09-22T05:39:36.963Z [info]: Transaction sent: "0x390840c92b1822fe402d96821206e18715d46ccce345b6a54822f0a28df19ee5"
2025-09-22T05:39:42.798Z [info]: Transaction mined 0x390840c92b1822fe402d96821206e18715d46ccce345b6a54822f0a28df19ee5  
2025-09-22T05:39:42.902Z [info]: Job 185 completed for queueId=e38abdbf-7f6b-49fd-9cc8-e67b8c935aa9
2025-09-22T05:39:42.903Z [info]: Processing job 186 for queueId 3b52131e-7480-4c2e-be95-771ba0c11deb
2025-09-22T05:39:44.753Z [info]: Transaction sent: "0xf1c28e9baedb3b5896dfa4506d40fb77b1921ec368a394e795320ca2d9ac8c91"
2025-09-22T05:39:50.593Z [info]: Transaction mined 0xf1c28e9baedb3b5896dfa4506d40fb77b1921ec368a394e795320ca2d9ac8c91  
2025-09-22T05:39:50.693Z [info]: Job 186 completed for queueId=3b52131e-7480-4c2e-be95-771ba0c11deb
2025-09-22T05:39:50.694Z [info]: Processing job 187 for queueId 72279d34-0bfa-425d-a312-4be5fa37642e
2025-09-22T05:39:52.535Z [info]: Transaction sent: "0x2fb574ea2cf25fa774dae8f50c50a715bece1d34dda2ba88f26bd5196a19daad"
2025-09-22T05:39:58.393Z [info]: Transaction mined 0x2fb574ea2cf25fa774dae8f50c50a715bece1d34dda2ba88f26bd5196a19daad  
2025-09-22T05:39:58.495Z [info]: Job 187 completed for queueId=72279d34-0bfa-425d-a312-4be5fa37642e
2025-09-22T05:39:58.497Z [info]: Processing job 188 for queueId 54870708-7b2e-4460-a360-21c8e3e66818
2025-09-22T05:40:00.372Z [info]: Transaction sent: "0x0e4cddf42f3ff5cdaa34f5199885bbb56dd9b70ac2a82c1c3115bba684418940"
2025-09-22T05:40:06.237Z [info]: Transaction mined 0x0e4cddf42f3ff5cdaa34f5199885bbb56dd9b70ac2a82c1c3115bba684418940  
2025-09-22T05:40:06.336Z [info]: Job 188 completed for queueId=54870708-7b2e-4460-a360-21c8e3e66818
2025-09-22T05:40:06.338Z [info]: Processing job 189 for queueId 5a114eb3-ceea-4c94-8bca-828d3c2d3751
2025-09-22T05:40:08.294Z [info]: Transaction sent: "0xd7019dd73c565263328abe1eb7ef660be550dc2e4a8c4ccab29c633223836b58"
2025-09-22T05:40:14.329Z [info]: Transaction mined 0xd7019dd73c565263328abe1eb7ef660be550dc2e4a8c4ccab29c633223836b58  
2025-09-22T05:40:14.434Z [info]: Job 189 completed for queueId=5a114eb3-ceea-4c94-8bca-828d3c2d3751
2025-09-22T05:40:14.436Z [info]: Processing job 190 for queueId 3815e7ff-c691-4580-92b5-8b8cf0c2f322
2025-09-22T05:40:16.320Z [info]: Transaction sent: "0xf0bfa8e0dd3f2e877bcf433c95091b2502c41dd2795d5afba4ea570b9df8dc04"
2025-09-22T05:40:22.190Z [info]: Transaction mined 0xf0bfa8e0dd3f2e877bcf433c95091b2502c41dd2795d5afba4ea570b9df8dc04  
2025-09-22T05:40:22.297Z [info]: Job 190 completed for queueId=3815e7ff-c691-4580-92b5-8b8cf0c2f322
2025-09-22T05:40:22.299Z [info]: Processing job 191 for queueId 47d78c05-2a8f-4170-bb65-18f7b648b507
2025-09-22T05:40:24.231Z [info]: Transaction sent: "0xd3b3eefc8fae6746d73051ffcabdd7a00d1499e73746052f7c34a3442b6a6a03"
2025-09-22T05:40:30.085Z [info]: Transaction mined 0xd3b3eefc8fae6746d73051ffcabdd7a00d1499e73746052f7c34a3442b6a6a03  
2025-09-22T05:40:30.184Z [info]: Job 191 completed for queueId=47d78c05-2a8f-4170-bb65-18f7b648b507
2025-09-22T05:40:30.186Z [info]: Processing job 192 for queueId 10b2dd0f-3899-44a7-a751-8ec8e8bfc9ec
2025-09-22T05:40:32.066Z [info]: Transaction sent: "0x65f2f59a9c45528e70f6a4632c8a9a463dc7b4ea63e5f3be3c87cc9847bbde52"
2025-09-22T05:40:32.543Z [info]: Transaction mined 0x65f2f59a9c45528e70f6a4632c8a9a463dc7b4ea63e5f3be3c87cc9847bbde52  
2025-09-22T05:40:32.645Z [info]: Job 192 completed for queueId=10b2dd0f-3899-44a7-a751-8ec8e8bfc9ec
2025-09-22T05:40:32.647Z [info]: Processing job 193 for queueId 1c018700-f20a-4409-8229-3011379af7ac
2025-09-22T05:40:34.490Z [info]: Transaction sent: "0x3add27d2a50828ac3aa47c00b0b9b90dea4e3a0b2e769a8e0ba96bd49c6f4826"
2025-09-22T05:40:40.374Z [info]: Transaction mined 0x3add27d2a50828ac3aa47c00b0b9b90dea4e3a0b2e769a8e0ba96bd49c6f4826  
2025-09-22T05:40:40.482Z [info]: Job 193 completed for queueId=1c018700-f20a-4409-8229-3011379af7ac
2025-09-22T05:40:40.485Z [info]: Processing job 194 for queueId e249a99d-110e-446e-9796-a2f74c2865c6
2025-09-22T05:40:42.371Z [info]: Transaction sent: "0x6115e51243adf0e0aa8fee98e8ae08f47a9ba25ce116b657ba2e0aa8ef47f6b2"
2025-09-22T05:40:48.306Z [info]: Transaction mined 0x6115e51243adf0e0aa8fee98e8ae08f47a9ba25ce116b657ba2e0aa8ef47f6b2  
2025-09-22T05:40:48.417Z [info]: Job 194 completed for queueId=e249a99d-110e-446e-9796-a2f74c2865c6
2025-09-22T05:40:48.418Z [info]: Processing job 195 for queueId 39cdc2f8-3e41-4092-993a-49072c403d44
2025-09-22T05:40:50.346Z [info]: Transaction sent: "0xe5b44073b4d3af59c3d2bf226d5cabd8e04ce2a6461b98e66ac2864979b3a1db"
2025-09-22T05:40:56.252Z [info]: Transaction mined 0xe5b44073b4d3af59c3d2bf226d5cabd8e04ce2a6461b98e66ac2864979b3a1db  
2025-09-22T05:40:56.352Z [info]: Job 195 completed for queueId=39cdc2f8-3e41-4092-993a-49072c403d44
2025-09-22T05:40:56.353Z [info]: Processing job 196 for queueId 7530d4cc-a003-4d8d-9b64-ad5dd037a2ca
2025-09-22T05:40:58.206Z [info]: Transaction sent: "0xe7d9e264237a9968abdf0c2f07abbab97ef34fc316b1a579088a2afe988891db"
2025-09-22T05:41:04.088Z [info]: Transaction mined 0xe7d9e264237a9968abdf0c2f07abbab97ef34fc316b1a579088a2afe988891db  
2025-09-22T05:41:04.200Z [info]: Job 196 completed for queueId=7530d4cc-a003-4d8d-9b64-ad5dd037a2ca
2025-09-22T05:41:04.201Z [info]: Processing job 197 for queueId b6474092-50a1-448f-8564-8e3a354fd531
2025-09-22T05:41:06.109Z [info]: Transaction sent: "0x440b729096e9216202ba44451ddcdb453063254e8ae3f53f1738562c42035395"
2025-09-22T05:41:06.597Z [info]: Transaction mined 0x440b729096e9216202ba44451ddcdb453063254e8ae3f53f1738562c42035395  
2025-09-22T05:41:06.701Z [info]: Job 197 completed for queueId=b6474092-50a1-448f-8564-8e3a354fd531
2025-09-22T05:41:06.703Z [info]: Processing job 198 for queueId 5670460c-27e3-4e9c-b4ec-3ce640073e14
2025-09-22T05:41:08.973Z [info]: Transaction sent: "0xe242b8268de3f540356e17aface176fac56094e68169037c27a7f7ea70c4aad7"
2025-09-22T05:41:10.525Z [info]: Transaction mined 0xe242b8268de3f540356e17aface176fac56094e68169037c27a7f7ea70c4aad7  
2025-09-22T05:41:10.633Z [info]: Job 198 completed for queueId=5670460c-27e3-4e9c-b4ec-3ce640073e14
2025-09-22T05:41:10.635Z [info]: Processing job 199 for queueId f2751fa9-e098-4674-b7d9-fd09366d4052
2025-09-22T05:41:12.694Z [info]: Transaction sent: "0xf2bd1d122a018ef6e008d2941cbf1d0d9a71f1c32f81142ae1cabb307b3759d8"
2025-09-22T05:41:18.578Z [info]: Transaction mined 0xf2bd1d122a018ef6e008d2941cbf1d0d9a71f1c32f81142ae1cabb307b3759d8  
2025-09-22T05:41:18.685Z [info]: Job 199 completed for queueId=f2751fa9-e098-4674-b7d9-fd09366d4052
2025-09-22T05:41:18.687Z [info]: Processing job 200 for queueId cbc1fd2c-29e8-460e-bca8-480f67da1eb5
2025-09-22T05:41:20.585Z [info]: Transaction sent: "0xa97e65774a4f4c465e798ca632f24311e56a55fa04df3325accd0e8ad547bb3c"
2025-09-22T05:41:26.453Z [info]: Transaction mined 0xa97e65774a4f4c465e798ca632f24311e56a55fa04df3325accd0e8ad547bb3c  
2025-09-22T05:41:26.558Z [info]: Job 200 completed for queueId=cbc1fd2c-29e8-460e-bca8-480f67da1eb5
2025-09-22T05:41:26.558Z [info]: Processing job 201 for queueId 2d035079-62b8-499f-bf7f-275d2ff33a15
2025-09-22T05:41:28.451Z [info]: Transaction sent: "0xeba9e63fbd9fcf4912e42f157b68fa04ee747f12cb6a983f5f1ac7f8f36271ab"
2025-09-22T05:41:34.476Z [info]: Transaction mined 0xeba9e63fbd9fcf4912e42f157b68fa04ee747f12cb6a983f5f1ac7f8f36271ab  
2025-09-22T05:41:34.578Z [info]: Job 201 completed for queueId=2d035079-62b8-499f-bf7f-275d2ff33a15
2025-09-22T05:41:34.587Z [info]: Processing job 202 for queueId 14eabe90-8425-419b-a1dc-8bc3570cb139
2025-09-22T05:41:36.834Z [info]: Transaction sent: "0xd9e6bc67544abbb4ccd93625304e6dcabaa85abcc9b01a5adb3c406625ebb888"
2025-09-22T05:41:42.709Z [info]: Transaction mined 0xd9e6bc67544abbb4ccd93625304e6dcabaa85abcc9b01a5adb3c406625ebb888  
2025-09-22T05:41:42.812Z [info]: Job 202 completed for queueId=14eabe90-8425-419b-a1dc-8bc3570cb139
2025-09-22T05:41:42.814Z [info]: Processing job 203 for queueId 1b58f11c-23d6-45be-a073-d6ededf46d3f
2025-09-22T05:41:44.718Z [info]: Transaction sent: "0x1ccc594e8a9f22c69b42018d333175562bca4ac69df7e3c47841050d44926536"
2025-09-22T05:41:50.598Z [info]: Transaction mined 0x1ccc594e8a9f22c69b42018d333175562bca4ac69df7e3c47841050d44926536  
2025-09-22T05:41:50.700Z [info]: Job 203 completed for queueId=1b58f11c-23d6-45be-a073-d6ededf46d3f
2025-09-22T05:41:50.702Z [info]: Processing job 204 for queueId 5fdd5693-0f5b-426b-aa97-9df86757d003
2025-09-22T05:41:52.681Z [info]: Transaction sent: "0xb65f6256649dcb7f41fd40a51809cc31735e5a25be5476100709b4bb9d647fbd"
2025-09-22T05:41:58.567Z [info]: Transaction mined 0xb65f6256649dcb7f41fd40a51809cc31735e5a25be5476100709b4bb9d647fbd  
2025-09-22T05:41:58.675Z [info]: Job 204 completed for queueId=5fdd5693-0f5b-426b-aa97-9df86757d003
2025-09-22T05:41:58.676Z [info]: Processing job 205 for queueId 56b9b8f3-398b-489e-8e84-6d78405796ff
2025-09-22T05:42:00.731Z [info]: Transaction sent: "0x5533c0f8d430e5bb66b6a4a3df17ffcdc9f57d4726c54e2953fb1004dd7a7df5"
2025-09-22T05:42:06.653Z [info]: Transaction mined 0x5533c0f8d430e5bb66b6a4a3df17ffcdc9f57d4726c54e2953fb1004dd7a7df5  
2025-09-22T05:42:06.755Z [info]: Job 205 completed for queueId=56b9b8f3-398b-489e-8e84-6d78405796ff
2025-09-22T05:42:06.756Z [info]: Processing job 206 for queueId 1c98f5c8-674b-44d5-a42c-0817606816bd
2025-09-22T05:42:08.602Z [info]: Transaction sent: "0xe70e29980ff60d8a96c93ad10a130d04268f1a706eb3ed4ff4c187e6fd72a79e"
2025-09-22T05:42:14.567Z [info]: Transaction mined 0xe70e29980ff60d8a96c93ad10a130d04268f1a706eb3ed4ff4c187e6fd72a79e  
2025-09-22T05:42:14.692Z [info]: Job 206 completed for queueId=1c98f5c8-674b-44d5-a42c-0817606816bd
2025-09-22T05:42:14.692Z [info]: Processing job 207 for queueId 4b22e104-f6ae-4e1a-a9ce-8f4991233571
2025-09-22T05:42:16.640Z [info]: Transaction sent: "0x21861a14835d62c45e847c9926f1a142cb9d14d0ad19d2e98e0d2e30ccc6185b"
2025-09-22T05:42:22.674Z [info]: Transaction mined 0x21861a14835d62c45e847c9926f1a142cb9d14d0ad19d2e98e0d2e30ccc6185b  
2025-09-22T05:42:22.772Z [info]: Job 207 completed for queueId=4b22e104-f6ae-4e1a-a9ce-8f4991233571
2025-09-22T05:42:22.772Z [info]: Processing job 208 for queueId 521539d2-a703-4891-8a24-5061b1043306
2025-09-22T05:42:24.611Z [info]: Transaction sent: "0xa83f9f5f36c862d3a746dbede24f7c9b1865388e4dd695cee5d3ee4ede1c3e7d"
2025-09-22T05:42:30.481Z [info]: Transaction mined 0xa83f9f5f36c862d3a746dbede24f7c9b1865388e4dd695cee5d3ee4ede1c3e7d  
2025-09-22T05:42:30.599Z [info]: Job 208 completed for queueId=521539d2-a703-4891-8a24-5061b1043306
2025-09-22T05:42:30.601Z [info]: Processing job 209 for queueId 053f4d10-e69d-4056-952c-8c9b25aada4a
2025-09-22T05:42:32.684Z [info]: Transaction sent: "0x443972be334cc04ea281677795d82fb5ee67caf26bba1278dda258e4339bee4a"
2025-09-22T05:42:38.601Z [info]: Transaction mined 0x443972be334cc04ea281677795d82fb5ee67caf26bba1278dda258e4339bee4a  
2025-09-22T05:42:38.702Z [info]: Job 209 completed for queueId=053f4d10-e69d-4056-952c-8c9b25aada4a
2025-09-22T05:42:38.703Z [info]: Processing job 210 for queueId 4c9f838d-0913-4554-9f73-17326f42be0f
2025-09-22T05:42:40.621Z [info]: Transaction sent: "0x8382d94ec2c00451c9730cdbe7e4cd4d924aef4c14de123b16e31cc2fed4e7e0"
2025-09-22T05:42:46.500Z [info]: Transaction mined 0x8382d94ec2c00451c9730cdbe7e4cd4d924aef4c14de123b16e31cc2fed4e7e0  
2025-09-22T05:42:46.596Z [info]: Job 210 completed for queueId=4c9f838d-0913-4554-9f73-17326f42be0f
2025-09-22T05:42:46.596Z [info]: Processing job 211 for queueId b17dbc30-6077-4466-a1bd-b433aaf1c59c
2025-09-22T05:42:48.467Z [info]: Transaction sent: "0x0a46662ca10f3ae36f8a24bfa3f86b1979ed5d570d049cd9dc06aa73f577e1cb"
2025-09-22T05:42:54.363Z [info]: Transaction mined 0x0a46662ca10f3ae36f8a24bfa3f86b1979ed5d570d049cd9dc06aa73f577e1cb  
2025-09-22T05:42:54.473Z [info]: Job 211 completed for queueId=b17dbc30-6077-4466-a1bd-b433aaf1c59c
2025-09-22T05:42:54.474Z [info]: Processing job 212 for queueId fe600be8-bd84-497d-84c7-4319b0610f74
2025-09-22T05:42:56.456Z [info]: Transaction sent: "0x471f43e563187ce9476694b296731fb7c302ce54b3304e37252d07145a637da3"
2025-09-22T05:43:02.312Z [info]: Transaction mined 0x471f43e563187ce9476694b296731fb7c302ce54b3304e37252d07145a637da3  
2025-09-22T05:43:02.421Z [info]: Job 212 completed for queueId=fe600be8-bd84-497d-84c7-4319b0610f74
2025-09-22T05:43:02.422Z [info]: Processing job 213 for queueId cb284f2c-4cfe-41b4-881c-37cc82a73f84
2025-09-22T05:43:04.758Z [info]: Transaction sent: "0x39cd2257371407f36dd593f85afbab0247100be6076b886020d16e2965475dc4"
2025-09-22T05:43:10.794Z [info]: Transaction mined 0x39cd2257371407f36dd593f85afbab0247100be6076b886020d16e2965475dc4  
2025-09-22T05:43:10.911Z [info]: Job 213 completed for queueId=cb284f2c-4cfe-41b4-881c-37cc82a73f84
2025-09-22T05:43:10.929Z [info]: Processing job 214 for queueId 388e39aa-fd21-4625-a66f-cb293c47bf01
2025-09-22T05:43:12.863Z [info]: Transaction sent: "0x298451d8ccfb477790b17f41bbe4c9d69662bdea586929d8d387a690ff2032ec"
2025-09-22T05:43:18.902Z [info]: Transaction mined 0x298451d8ccfb477790b17f41bbe4c9d69662bdea586929d8d387a690ff2032ec  
2025-09-22T05:43:19.006Z [info]: Job 214 completed for queueId=388e39aa-fd21-4625-a66f-cb293c47bf01
2025-09-22T05:43:19.008Z [info]: Processing job 215 for queueId 248856d8-b1ca-43e4-959a-2449ba022817
2025-09-22T05:43:20.955Z [info]: Transaction sent: "0xccef0c56f34e8c6813518516138883ceb72c3d120ea0e495449c6cd4e1f44b9f"
2025-09-22T05:43:26.866Z [info]: Transaction mined 0xccef0c56f34e8c6813518516138883ceb72c3d120ea0e495449c6cd4e1f44b9f  
2025-09-22T05:43:26.967Z [info]: Job 215 completed for queueId=248856d8-b1ca-43e4-959a-2449ba022817
2025-09-22T05:43:26.969Z [info]: Processing job 216 for queueId e0db5680-4302-40d9-a38c-2a4e46533715
2025-09-22T05:43:28.811Z [info]: Transaction sent: "0x46ddbfcac771cef18cb2de63e2cef613b280a603e365035e83b4cf1a15b3f303"
2025-09-22T05:43:34.694Z [info]: Transaction mined 0x46ddbfcac771cef18cb2de63e2cef613b280a603e365035e83b4cf1a15b3f303  
2025-09-22T05:43:34.793Z [info]: Job 216 completed for queueId=e0db5680-4302-40d9-a38c-2a4e46533715
2025-09-22T05:43:34.795Z [info]: Processing job 217 for queueId 82ebf843-68e5-42da-8277-c2039866efeb
2025-09-22T05:43:36.684Z [info]: Transaction sent: "0x847776e666e6f001d5790aa8082313fc5b1684fe60f1d001dc0298c106ecfa40"
2025-09-22T05:43:42.619Z [info]: Transaction mined 0x847776e666e6f001d5790aa8082313fc5b1684fe60f1d001dc0298c106ecfa40  
2025-09-22T05:43:42.719Z [info]: Job 217 completed for queueId=82ebf843-68e5-42da-8277-c2039866efeb
2025-09-22T05:43:42.722Z [info]: Processing job 218 for queueId 4cce36e8-c1c7-4865-8f38-6842fb7e1a8b
2025-09-22T05:43:44.752Z [info]: Transaction sent: "0xc79fd7f3e6c1d626658b4cbc354f10fcec214199224b4ecd3ebfee0e0b41c8d6"
2025-09-22T05:43:51.136Z [info]: Transaction mined 0xc79fd7f3e6c1d626658b4cbc354f10fcec214199224b4ecd3ebfee0e0b41c8d6  
2025-09-22T05:43:51.233Z [info]: Job 218 completed for queueId=4cce36e8-c1c7-4865-8f38-6842fb7e1a8b
2025-09-22T05:43:51.234Z [info]: Processing job 219 for queueId c72392bd-6f6d-426d-9364-cabc8d20aa26
2025-09-22T05:43:53.224Z [info]: Transaction sent: "0x8734029ecf470b1e0bfb831dcd93798ab663d2d6d69cd75b37c4b3952b6fd915"
2025-09-22T05:43:59.079Z [info]: Transaction mined 0x8734029ecf470b1e0bfb831dcd93798ab663d2d6d69cd75b37c4b3952b6fd915  
2025-09-22T05:43:59.180Z [info]: Job 219 completed for queueId=c72392bd-6f6d-426d-9364-cabc8d20aa26
2025-09-22T05:43:59.184Z [info]: Processing job 220 for queueId 01a1e959-5310-4eb2-a037-89daa3e316b0
2025-09-22T05:44:01.068Z [info]: Transaction sent: "0x8306b3350d95f9229079ec51bedb3649e40357f1b883d0ad91540ca5dac3b47d"
2025-09-22T05:44:06.927Z [info]: Transaction mined 0x8306b3350d95f9229079ec51bedb3649e40357f1b883d0ad91540ca5dac3b47d  
2025-09-22T05:44:07.024Z [info]: Job 220 completed for queueId=01a1e959-5310-4eb2-a037-89daa3e316b0
2025-09-22T05:44:07.025Z [info]: Processing job 221 for queueId f7fbaf46-400e-40ca-a352-0d796e0c4134
2025-09-22T05:44:08.926Z [info]: Transaction sent: "0xc550ec8af355d08aa4011c748176d1432267a9176c9680c3c7ea476467809a48"
2025-09-22T05:44:14.787Z [info]: Transaction mined 0xc550ec8af355d08aa4011c748176d1432267a9176c9680c3c7ea476467809a48  
2025-09-22T05:44:14.890Z [info]: Job 221 completed for queueId=f7fbaf46-400e-40ca-a352-0d796e0c4134
2025-09-22T05:44:14.893Z [info]: Processing job 222 for queueId e08acd96-834d-4ae6-9371-ee25a7364a04
2025-09-22T05:44:16.934Z [info]: Transaction sent: "0xa95f035d2c1b7e446ffc86fcbd83965f1d3056b134b01ca1174076767dccdb62"
2025-09-22T05:44:22.927Z [info]: Transaction mined 0xa95f035d2c1b7e446ffc86fcbd83965f1d3056b134b01ca1174076767dccdb62  
2025-09-22T05:44:23.445Z [info]: Job 222 completed for queueId=e08acd96-834d-4ae6-9371-ee25a7364a04
2025-09-22T05:44:23.446Z [info]: Processing job 223 for queueId b22e4d17-fe6b-4796-8f01-579b5c310c8f
2025-09-22T05:44:25.524Z [info]: Transaction sent: "0x788f82a810ff7eb6569da9e659dd14c321399945a5ba9d53da59bb2dff394b22"
2025-09-22T05:44:31.426Z [info]: Transaction mined 0x788f82a810ff7eb6569da9e659dd14c321399945a5ba9d53da59bb2dff394b22  
2025-09-22T05:44:31.533Z [info]: Job 223 completed for queueId=b22e4d17-fe6b-4796-8f01-579b5c310c8f
2025-09-22T05:44:31.534Z [info]: Processing job 224 for queueId e660a7d8-0602-4e1c-a277-6b488d8ca14f
2025-09-22T05:44:33.531Z [info]: Transaction sent: "0xb6fecbe8c5e129a17395b3380565f92e54e434d91833ae8ef1269843bc081002"
2025-09-22T05:44:39.425Z [info]: Transaction mined 0xb6fecbe8c5e129a17395b3380565f92e54e434d91833ae8ef1269843bc081002  
2025-09-22T05:44:39.530Z [info]: Job 224 completed for queueId=e660a7d8-0602-4e1c-a277-6b488d8ca14f
2025-09-22T05:44:39.532Z [info]: Processing job 225 for queueId cdd2230c-7fb0-4b10-9118-e20d5efba996
2025-09-22T05:44:41.416Z [info]: Transaction sent: "0xc7d2e7c118615a57b605c2192f4ef03ff4b3c82b93a16bfdacefa8c345daa005"
2025-09-22T05:44:47.307Z [info]: Transaction mined 0xc7d2e7c118615a57b605c2192f4ef03ff4b3c82b93a16bfdacefa8c345daa005  
2025-09-22T05:44:47.441Z [info]: Job 225 completed for queueId=cdd2230c-7fb0-4b10-9118-e20d5efba996
2025-09-22T05:44:47.442Z [info]: Processing job 226 for queueId 6d20cb43-9fa3-47e2-86a7-db6fe5642bc3
2025-09-22T05:44:49.352Z [info]: Transaction sent: "0x10363653ccd8c70799f857f91a04146fa50088a77072e94f4caf0141abf26b28"
2025-09-22T05:44:55.211Z [info]: Transaction mined 0x10363653ccd8c70799f857f91a04146fa50088a77072e94f4caf0141abf26b28  
2025-09-22T05:44:55.317Z [info]: Job 226 completed for queueId=6d20cb43-9fa3-47e2-86a7-db6fe5642bc3
2025-09-22T05:44:55.319Z [info]: Processing job 227 for queueId 4bd0f0c0-6eee-4d43-9688-34ba40f53035
2025-09-22T05:44:57.194Z [info]: Transaction sent: "0xb5314544b2f16e01a4334ccc810220755b38dca30444b589e09594751757f691"
2025-09-22T05:45:03.056Z [info]: Transaction mined 0xb5314544b2f16e01a4334ccc810220755b38dca30444b589e09594751757f691  
2025-09-22T05:45:03.162Z [info]: Job 227 completed for queueId=4bd0f0c0-6eee-4d43-9688-34ba40f53035
2025-09-22T05:45:03.163Z [info]: Processing job 228 for queueId 159ae96f-a559-4c7e-9bc3-6b99bdce081f
2025-09-22T05:45:05.010Z [info]: Transaction sent: "0x19192ea76a209af5f75328754a0de90384cdc72bce45abcd020f9de81e25a2e5"
2025-09-22T05:45:10.864Z [info]: Transaction mined 0x19192ea76a209af5f75328754a0de90384cdc72bce45abcd020f9de81e25a2e5  
2025-09-22T05:45:10.964Z [info]: Job 228 completed for queueId=159ae96f-a559-4c7e-9bc3-6b99bdce081f
2025-09-22T05:45:10.965Z [info]: Processing job 229 for queueId 432a70d6-5b17-4bd6-80b1-82ab8666dec7
2025-09-22T05:45:12.796Z [info]: Transaction sent: "0x28a98717912ea14b2e2a6b2c707f21686071fbf64c520b67942f68376cce0658"
2025-09-22T05:45:18.694Z [info]: Transaction mined 0x28a98717912ea14b2e2a6b2c707f21686071fbf64c520b67942f68376cce0658  
2025-09-22T05:45:18.791Z [info]: Job 229 completed for queueId=432a70d6-5b17-4bd6-80b1-82ab8666dec7
2025-09-22T05:45:18.792Z [info]: Processing job 230 for queueId 5965b9a4-2818-4f35-bedf-130cd7ad775e
2025-09-22T05:45:20.604Z [info]: Transaction sent: "0xc4d5cfc3e12adbb892a1a093d6d6fcf8ae689726e9ec8cf095b9b5909369714d"
2025-09-22T05:45:26.483Z [info]: Transaction mined 0xc4d5cfc3e12adbb892a1a093d6d6fcf8ae689726e9ec8cf095b9b5909369714d  
2025-09-22T05:45:26.587Z [info]: Job 230 completed for queueId=5965b9a4-2818-4f35-bedf-130cd7ad775e
2025-09-22T05:45:26.587Z [info]: Processing job 231 for queueId edcbb253-f43c-4ad1-8b0e-348e4aad7a59
2025-09-22T05:45:28.434Z [info]: Transaction sent: "0x5ea3de43e7d9026ef42061a87e2e0de618bac0669d8f7fd34bf7b20bbc38d005"
2025-09-22T05:45:34.336Z [info]: Transaction mined 0x5ea3de43e7d9026ef42061a87e2e0de618bac0669d8f7fd34bf7b20bbc38d005  
2025-09-22T05:45:34.442Z [info]: Job 231 completed for queueId=edcbb253-f43c-4ad1-8b0e-348e4aad7a59
2025-09-22T05:45:34.444Z [info]: Processing job 232 for queueId e4a217ff-62f7-463c-bc4a-ad7bd93eb469
2025-09-22T05:45:36.325Z [info]: Transaction sent: "0xd1ae388b588a5d40a8acc3493fa0834c78c686c316142544d03e8d990e149419"
2025-09-22T05:45:42.262Z [info]: Transaction mined 0xd1ae388b588a5d40a8acc3493fa0834c78c686c316142544d03e8d990e149419  
2025-09-22T05:45:42.477Z [info]: Job 232 completed for queueId=e4a217ff-62f7-463c-bc4a-ad7bd93eb469
2025-09-22T05:45:42.478Z [info]: Processing job 233 for queueId 85599fc8-ae6a-43e2-911c-7f78a1fa64ef
2025-09-22T05:45:44.405Z [info]: Transaction sent: "0x2febdc2b4d5ae8f73415f104cd1ad6ca01afb129b3ddf485b8b1f40492ade952"
2025-09-22T05:45:50.301Z [info]: Transaction mined 0x2febdc2b4d5ae8f73415f104cd1ad6ca01afb129b3ddf485b8b1f40492ade952  
2025-09-22T05:45:50.406Z [info]: Job 233 completed for queueId=85599fc8-ae6a-43e2-911c-7f78a1fa64ef
2025-09-22T05:45:50.408Z [info]: Processing job 234 for queueId 5b060abf-6fd9-4c64-9971-9610e756883a
2025-09-22T05:45:52.299Z [info]: Transaction sent: "0x4e22b9cf29837f30660abdfc22ca7bb42477635dfbad0a11bfc1c803b8486c0e"
2025-09-22T05:45:58.249Z [info]: Transaction mined 0x4e22b9cf29837f30660abdfc22ca7bb42477635dfbad0a11bfc1c803b8486c0e  
2025-09-22T05:45:58.355Z [info]: Job 234 completed for queueId=5b060abf-6fd9-4c64-9971-9610e756883a
2025-09-22T05:45:58.356Z [info]: Processing job 235 for queueId f8059d31-ee2f-42ad-8ed2-16544e74395d
2025-09-22T05:46:00.303Z [info]: Transaction sent: "0xf93e80a17bdec4b10572bdbdf9fb8a3973f3914f4112f3a3ae23e3f1a0e76a36"
2025-09-22T05:46:06.195Z [info]: Transaction mined 0xf93e80a17bdec4b10572bdbdf9fb8a3973f3914f4112f3a3ae23e3f1a0e76a36  
2025-09-22T05:46:06.294Z [info]: Job 235 completed for queueId=f8059d31-ee2f-42ad-8ed2-16544e74395d
2025-09-22T05:46:06.294Z [info]: Processing job 236 for queueId 647e8364-9f85-423b-9b59-1c74ecd02b4f
2025-09-22T05:46:08.192Z [info]: Transaction sent: "0x23707e9d401584335675b6dcdf67326344dce6fc47984fa159e439c035cd34ab"
2025-09-22T05:46:14.053Z [info]: Transaction mined 0x23707e9d401584335675b6dcdf67326344dce6fc47984fa159e439c035cd34ab  
2025-09-22T05:46:14.153Z [info]: Job 236 completed for queueId=647e8364-9f85-423b-9b59-1c74ecd02b4f
2025-09-22T05:46:14.155Z [info]: Processing job 237 for queueId c67ef32a-23f2-4631-8564-8ccafb4f0e48
2025-09-22T05:46:16.057Z [info]: Transaction sent: "0x5d839739989302b3c57197b74c69b9737dd83561c9fe84ecdb4bd4d4434f5f2a"
2025-09-22T05:46:16.559Z [info]: Transaction mined 0x5d839739989302b3c57197b74c69b9737dd83561c9fe84ecdb4bd4d4434f5f2a  
2025-09-22T05:46:16.659Z [info]: Job 237 completed for queueId=c67ef32a-23f2-4631-8564-8ccafb4f0e48
2025-09-22T05:57:03.603Z [info]: Postgres Connection Successful
2025-09-22T05:57:03.903Z [info]: Workers started successfully
2025-09-22T05:57:03.905Z [info]: Server running on port 4000
2025-09-22T08:07:42.543Z [info]: Postgres Connection Successful
2025-09-22T08:07:42.866Z [info]: Workers started successfully
2025-09-22T08:07:42.868Z [info]: Server running on port 4000
2025-09-22T08:13:40.561Z [info]: Received transaction request: function set(uint256) on 0x7ae020a9423d63315f2266d53bbe50ee4749e7fb for chain 80002
2025-09-22T08:14:35.898Z [info]: Received transaction request: function set(uint256) on 0x7ae020a9423d63315f2266d53bbe50ee4749e7fb for chain 80002
2025-09-22T08:15:10.192Z [info]: Postgres Connection Successful
2025-09-22T08:15:10.296Z [info]: Workers started successfully
2025-09-22T08:15:10.299Z [info]: Server running on port 4000
2025-09-22T08:15:12.257Z [info]: Received transaction request: function set(uint256) on 0x7ae020a9423d63315f2266d53bbe50ee4749e7fb for chain 80002
2025-09-22T08:15:35.517Z [info]: Postgres Connection Successful
2025-09-22T08:15:35.600Z [info]: Workers started successfully
2025-09-22T08:15:35.601Z [info]: Server running on port 4000
2025-09-22T08:15:50.800Z [info]: Received transaction request: function set(uint256) on 0x7ae020a9423d63315f2266d53bbe50ee4749e7fb for chain 80002
2025-09-22T08:17:19.837Z [info]: Postgres Connection Successful
2025-09-22T08:17:19.937Z [info]: Workers started successfully
2025-09-22T08:17:19.940Z [info]: Server running on port 4000
2025-09-22T08:17:28.301Z [info]: Postgres Connection Successful
2025-09-22T08:17:28.391Z [info]: Workers started successfully
2025-09-22T08:17:28.394Z [info]: Server running on port 4000
2025-09-22T08:17:36.585Z [info]: Postgres Connection Successful
2025-09-22T08:17:36.721Z [info]: Workers started successfully
2025-09-22T08:17:36.723Z [info]: Server running on port 4000
2025-09-22T08:17:38.760Z [info]: Received transaction request: function set(uint256) on 0x7ae020a9423d63315f2266d53bbe50ee4749e7fb for chain 80002
2025-09-22T08:27:01.793Z [info]: Postgres Connection Successful
2025-09-22T08:27:01.892Z [info]: Workers started successfully
2025-09-22T08:27:01.895Z [info]: Server running on port 4000
2025-09-22T08:30:14.269Z [info]: Postgres Connection Successful
2025-09-22T08:30:14.385Z [info]: Workers started successfully
2025-09-22T08:30:14.390Z [info]: Server running on port 4000
2025-09-22T08:30:18.772Z [info]: Postgres Connection Successful
2025-09-22T08:30:18.982Z [info]: Workers started successfully
2025-09-22T08:30:18.985Z [info]: Server running on port 4000
2025-09-22T08:30:46.410Z [info]: Postgres Connection Successful
2025-09-22T08:30:46.513Z [info]: Workers started successfully
2025-09-22T08:30:46.515Z [info]: Server running on port 4000
2025-09-22T08:30:47.752Z [info]: Received transaction request: function set(uint256) on 0x7ae020a9423d63315f2266d53bbe50ee4749e7fb for chain 80002
2025-09-22T08:30:48.657Z [error]: Error queueing transaction
2025-09-22T08:31:18.620Z [info]: Postgres Connection Successful
2025-09-22T08:31:18.745Z [info]: Workers started successfully
2025-09-22T08:31:18.750Z [info]: Server running on port 4000
2025-09-22T08:31:20.236Z [info]: Received transaction request: function set(uint256) on 0x7ae020a9423d63315f2266d53bbe50ee4749e7fb for chain 80002
2025-09-22T08:31:20.806Z [error]: Error queueing transaction balance.isZero is not a function
2025-09-22T08:32:09.005Z [info]: Postgres Connection Successful
2025-09-22T08:32:09.090Z [info]: Workers started successfully
2025-09-22T08:32:09.093Z [info]: Server running on port 4000
2025-09-22T08:32:16.885Z [info]: Received transaction request: function set(uint256) on 0x7ae020a9423d63315f2266d53bbe50ee4749e7fb for chain 80002
2025-09-22T08:32:17.438Z [error]: Error queueing transaction balance.lte is not a function
2025-09-22T08:32:26.497Z [info]: Postgres Connection Successful
2025-09-22T08:32:26.601Z [info]: Workers started successfully
2025-09-22T08:32:26.605Z [info]: Server running on port 4000
2025-09-22T08:32:27.103Z [info]: Received transaction request: function set(uint256) on 0x7ae020a9423d63315f2266d53bbe50ee4749e7fb for chain 80002
2025-09-22T08:32:27.866Z [error]: Error queueing transaction Insufficient funds in backend wallet: 0x220bE055a8F7c982C7d21575A3F33cF3370be953
2025-09-22T08:33:14.345Z [info]: Postgres Connection Successful
2025-09-22T08:33:14.448Z [info]: Workers started successfully
2025-09-22T08:33:14.451Z [info]: Server running on port 4000
2025-09-22T08:33:35.327Z [info]: Received transaction request: function set(uint256) on 0x7ae020a9423d63315f2266d53bbe50ee4749e7fb for chain 80002
2025-09-22T08:33:37.828Z [error]: Error queueing transaction Insufficient funds in backend wallet: 0x220bE055a8F7c982C7d21575A3F33cF3370be953
2025-09-22T08:34:28.830Z [info]: Postgres Connection Successful
2025-09-22T08:34:28.938Z [info]: Workers started successfully
2025-09-22T08:34:28.941Z [info]: Server running on port 4000
2025-09-22T08:34:29.912Z [info]: Received transaction request: function set(uint256) on 0x7ae020a9423d63315f2266d53bbe50ee4749e7fb for chain 80002
2025-09-22T08:34:30.465Z [error]: Error queueing transaction Insufficient funds in backend wallet: 0x220bE055a8F7c982C7d21575A3F33cF3370be953
2025-09-22T08:34:41.836Z [info]: Postgres Connection Successful
2025-09-22T08:34:41.942Z [info]: Workers started successfully
2025-09-22T08:34:41.943Z [info]: Server running on port 4000
2025-09-22T08:34:43.074Z [info]: Received transaction request: function set(uint256) on 0x7ae020a9423d63315f2266d53bbe50ee4749e7fb for chain 80002
2025-09-22T08:34:43.681Z [error]: Error queueing transaction Insufficient funds in backend wallet: 0x220bE055a8F7c982C7d21575A3F33cF3370be953
2025-09-22T08:35:38.990Z [info]: Postgres Connection Successful
2025-09-22T08:35:39.089Z [info]: Workers started successfully
2025-09-22T08:35:39.094Z [info]: Server running on port 4000
2025-09-22T08:35:48.190Z [info]: Postgres Connection Successful
2025-09-22T08:35:48.290Z [info]: Workers started successfully
2025-09-22T08:35:48.293Z [info]: Server running on port 4000
2025-09-22T08:36:09.362Z [info]: Postgres Connection Successful
2025-09-22T08:36:09.466Z [info]: Workers started successfully
2025-09-22T08:36:09.468Z [info]: Server running on port 4000
2025-09-22T08:36:11.925Z [info]: Received transaction request: function set(uint256) on 0x7ae020a9423d63315f2266d53bbe50ee4749e7fb for chain 80002
2025-09-22T08:36:13.698Z [info]: Transaction queued with ID: 289b0a98-8b6e-4e89-89d1-7866929f2baf and Job ID: 238
2025-09-22T08:36:13.703Z [info]: Processing job 238 for queueId 289b0a98-8b6e-4e89-89d1-7866929f2baf
2025-09-22T08:36:15.700Z [info]: Transaction sent: "0x548b25b829e5fb140e8d580f7a64c48ef75a311dd396ef2d99ab6a324ec68f81"
2025-09-22T08:36:17.641Z [info]: Received transaction request: function set(uint256) on 0x7ae020a9423d63315f2266d53bbe50ee4749e7fb for chain 80002
2025-09-22T08:36:18.433Z [info]: Transaction queued with ID: 4441a307-106f-4566-86a3-ab8cdfe157a2 and Job ID: 239
2025-09-22T08:36:21.606Z [info]: Transaction mined 0x548b25b829e5fb140e8d580f7a64c48ef75a311dd396ef2d99ab6a324ec68f81  
2025-09-22T08:36:21.705Z [info]: Job 238 completed for queueId=289b0a98-8b6e-4e89-89d1-7866929f2baf
2025-09-22T08:36:21.706Z [info]: Processing job 239 for queueId 4441a307-106f-4566-86a3-ab8cdfe157a2
2025-09-22T08:36:23.539Z [info]: Transaction sent: "0xe9810aed4e93b08159a2f705a15022da17442b3b01b18ea92ed521058bbe67e6"
2025-09-22T08:36:29.167Z [info]: Retrieving transaction status for queue ID: 4441a307-106f-4566-86a3-ab8cdfe157a2
2025-09-22T08:36:29.267Z [info]: Transaction status retrieved for queue ID: {"status":"sent","transaction_hash":"0xe9810aed4e93b08159a2f705a15022da17442b3b01b18ea92ed521058bbe67e6"}
2025-09-22T08:36:29.413Z [info]: Transaction mined 0xe9810aed4e93b08159a2f705a15022da17442b3b01b18ea92ed521058bbe67e6  
2025-09-22T08:36:29.512Z [info]: Job 239 completed for queueId=4441a307-106f-4566-86a3-ab8cdfe157a2
2025-09-22T08:36:33.969Z [info]: Retrieving transaction status for queue ID: 4441a307-106f-4566-86a3-ab8cdfe157a2
2025-09-22T08:36:34.066Z [info]: Transaction status retrieved for queue ID: {"status":"mined","transaction_hash":"0xe9810aed4e93b08159a2f705a15022da17442b3b01b18ea92ed521058bbe67e6"}
2025-09-22T08:38:31.618Z [info]: Postgres Connection Successful
2025-09-22T08:38:31.753Z [info]: Workers started successfully
2025-09-22T08:38:31.755Z [info]: Server running on port 4000
2025-09-22T08:39:03.851Z [info]: Postgres Connection Successful
2025-09-22T08:39:03.935Z [info]: Workers started successfully
2025-09-22T08:39:03.943Z [info]: Server running on port 4000
2025-09-22T08:39:05.647Z [info]: Retrieving transaction status for queue ID: 4441a307-106f-4566-86a3-ab8cdfe157a2
2025-09-22T08:39:05.734Z [info]: Transaction status retrieved for queue ID: {"status":"mined","transaction_hash":"0xe9810aed4e93b08159a2f705a15022da17442b3b01b18ea92ed521058bbe67e6"}
2025-09-22T08:39:09.301Z [info]: Received transaction request: function set(uint256) on 0x7ae020a9423d63315f2266d53bbe50ee4749e7fb for chain 80002
2025-09-22T08:39:10.029Z [info]: Transaction queued with ID: d9afcdef-2ec6-4ea5-a2e8-7e8f8ffac5d7 and Job ID: 240
2025-09-22T08:39:10.039Z [info]: Processing job 240 for queueId d9afcdef-2ec6-4ea5-a2e8-7e8f8ffac5d7
2025-09-22T08:39:12.060Z [info]: Transaction sent: "0xd154158242433ceeb949c15befaed43c330e886e0bb4064b96911f644603d8e6"
2025-09-22T08:39:32.433Z [info]: Postgres Connection Successful
2025-09-22T08:39:32.554Z [info]: Workers started successfully
2025-09-22T08:39:32.560Z [info]: Server running on port 4000
2025-09-22T08:39:33.524Z [info]: Retrieving transaction status for queue ID: d9afcdef-2ec6-4ea5-a2e8-7e8f8ffac5d7
2025-09-22T08:39:33.636Z [info]: Transaction status retrieved for queue ID: {"status":"sent","transaction_hash":"0xd154158242433ceeb949c15befaed43c330e886e0bb4064b96911f644603d8e6"}
2025-09-22T08:39:37.344Z [info]: Retrieving transaction status for queue ID: d9afcdef-2ec6-4ea5-a2e8-7e8f8ffac5d7
2025-09-22T08:39:37.451Z [info]: Transaction status retrieved for queue ID: {"status":"sent","transaction_hash":"0xd154158242433ceeb949c15befaed43c330e886e0bb4064b96911f644603d8e6"}
2025-09-22T08:39:52.600Z [info]: Retrieving transaction status for queue ID: d9afcdef-2ec6-4ea5-a2e8-7e8f8ffac5d7
2025-09-22T08:39:53.428Z [info]: Transaction status retrieved for queue ID: {"status":"sent","transaction_hash":"0xd154158242433ceeb949c15befaed43c330e886e0bb4064b96911f644603d8e6"}
2025-09-22T08:40:32.582Z [info]: Processing job 240 for queueId d9afcdef-2ec6-4ea5-a2e8-7e8f8ffac5d7
2025-09-22T08:40:34.902Z [info]: Transaction sent: "0x59b64af690ee04fac78b63662f02a49ae9a2291fa9d29ea4363c6b20e540f767"
2025-09-22T08:40:36.644Z [info]: Transaction mined 0x59b64af690ee04fac78b63662f02a49ae9a2291fa9d29ea4363c6b20e540f767  
2025-09-22T08:40:36.761Z [info]: Job 240 completed for queueId=d9afcdef-2ec6-4ea5-a2e8-7e8f8ffac5d7
2025-09-22T08:40:50.227Z [info]: Retrieving transaction status for queue ID: d9afcdef-2ec6-4ea5-a2e8-7e8f8ffac5d7
2025-09-22T08:40:51.515Z [info]: Transaction status retrieved for queue ID: {"status":"mined","transaction_hash":"0x59b64af690ee04fac78b63662f02a49ae9a2291fa9d29ea4363c6b20e540f767"}
2025-09-22T08:41:02.519Z [info]: Received transaction request: function set(uint256) on 0x7ae020a9423d63315f2266d53bbe50ee4749e7fb for chain 80002
2025-09-22T08:41:04.696Z [info]: Transaction queued with ID: ff182bf8-6c57-4f1e-a9d8-bc9dcab9730b and Job ID: 241
2025-09-22T08:41:04.697Z [info]: Processing job 241 for queueId ff182bf8-6c57-4f1e-a9d8-bc9dcab9730b
2025-09-22T08:41:06.680Z [info]: Transaction sent: "0x6686934a1e34bfcfcb25d004d7adad1a9fcf37b2c250a91a70c80c2c97cfb598"
2025-09-22T08:41:07.968Z [info]: Retrieving transaction status for queue ID: d9afcdef-2ec6-4ea5-a2e8-7e8f8ffac5d7
2025-09-22T08:41:08.187Z [info]: Transaction status retrieved for queue ID: {"status":"mined","transaction_hash":"0x59b64af690ee04fac78b63662f02a49ae9a2291fa9d29ea4363c6b20e540f767"}
2025-09-22T08:41:13.903Z [info]: Transaction mined 0x6686934a1e34bfcfcb25d004d7adad1a9fcf37b2c250a91a70c80c2c97cfb598  
2025-09-22T08:41:14.113Z [info]: Job 241 completed for queueId=ff182bf8-6c57-4f1e-a9d8-bc9dcab9730b
