2025-09-12T11:19:07.170Z [info]: Server running on port 4000
2025-09-12T11:27:03.946Z [error]: Failed to connect to Postgres! self-signed certificate in certificate chain
2025-09-12T11:29:39.541Z [error]: Failed to connect to Postgres! self-signed certificate in certificate chain
2025-09-12T11:33:52.291Z [error]: Failed to connect to Postgres! self-signed certificate in certificate chain
2025-09-12T11:34:48.395Z [error]: Failed to connect to Postgres! self-signed certificate in certificate chain
2025-09-12T11:38:29.059Z [error]: Failed to connect to Postgres! self-signed certificate in certificate chain
2025-09-12T11:38:50.392Z [error]: Failed to connect to Postgres! self-signed certificate in certificate chain
2025-09-12T11:39:03.816Z [error]: Failed to connect to Postgres! self-signed certificate in certificate chain
2025-09-12T11:39:30.201Z [error]: Failed to connect to Postgres! self-signed certificate in certificate chain
2025-09-12T11:39:36.618Z [error]: Failed to connect to Postgres! self-signed certificate in certificate chain
2025-09-12T11:40:37.667Z [error]: Failed to connect to Postgres! self-signed certificate in certificate chain
2025-09-12T11:41:39.449Z [error]: Failed to connect to Postgres! self-signed certificate in certificate chain
2025-09-12T11:41:45.649Z [error]: Failed to connect to Postgres! self-signed certificate in certificate chain
2025-09-12T11:42:41.780Z [error]: Failed to connect to Postgres! self-signed certificate in certificate chain
2025-09-12T11:43:03.659Z [error]: Failed to connect to Postgres! self-signed certificate in certificate chain
2025-09-12T11:43:10.639Z [error]: Failed to connect to Postgres! self-signed certificate in certificate chain
2025-09-12T11:43:24.458Z [error]: Failed to connect to Postgres! self-signed certificate in certificate chain
2025-09-12T11:46:38.535Z [error]: Failed to connect to Postgres! self-signed certificate in certificate chain
2025-09-12T11:47:04.953Z [error]: Failed to connect to Postgres! self-signed certificate in certificate chain
2025-09-12T11:48:16.905Z [info]: Connected to Aiven Postgres!
2025-09-12T11:48:16.912Z [info]: Server running on port 4000
2025-09-12T11:49:33.715Z [info]: Connected to Aiven Postgres!
2025-09-12T11:49:33.722Z [info]: Server running on port 4000
2025-09-12T11:50:15.692Z [info]: Connected to Aiven Postgres!
2025-09-12T11:50:15.698Z [info]: Server running on port 4000
2025-09-12T11:50:21.855Z [info]: Connected to Aiven Postgres!
2025-09-12T11:50:21.861Z [info]: Server running on port 4000
2025-09-12T11:50:27.169Z [info]: Connected to Aiven Postgres!
2025-09-12T11:50:27.178Z [info]: Server running on port 4000
2025-09-12T12:01:22.124Z [info]: Connected to Aiven Postgres!
2025-09-12T12:01:22.135Z [info]: Server running on port 4000
2025-09-12T12:01:24.185Z [info]: Connected to Aiven Postgres!
2025-09-12T12:01:24.193Z [info]: Server running on port 4000
2025-09-12T12:01:43.948Z [info]: Connected to Aiven Postgres!
2025-09-12T12:01:43.956Z [info]: Server running on port 4000
2025-09-12T12:01:46.305Z [info]: Connected to Aiven Postgres!
2025-09-12T12:01:46.313Z [info]: Server running on port 4000
2025-09-12T12:02:25.979Z [info]: Connected to Aiven Postgres!
2025-09-12T12:02:25.986Z [info]: Server running on port 4000
2025-09-12T12:02:40.361Z [info]: Connected to Aiven Postgres!
2025-09-12T12:02:40.368Z [info]: Server running on port 4000
2025-09-12T12:04:30.867Z [info]: Connected to Aiven Postgres!
2025-09-12T12:04:30.880Z [info]: Server running on port 4000
2025-09-12T12:06:19.411Z [info]: Connected to Aiven Postgres!
2025-09-12T12:06:19.434Z [info]: Server running on port 4000
2025-09-12T12:07:46.345Z [info]: Connected to Aiven Postgres!
2025-09-12T12:08:31.053Z [info]: Connected to Aiven Postgres!
2025-09-12T12:08:53.663Z [info]: Connected to Aiven Postgres!
2025-09-12T12:09:41.174Z [info]: Connected to Aiven Postgres!
2025-09-12T12:09:43.138Z [info]: Connected to Aiven Postgres!
2025-09-12T12:10:37.941Z [info]: Connected to Aiven Postgres!
2025-09-12T12:12:11.322Z [info]: Connected to Aiven Postgres!
2025-09-12T12:12:49.678Z [info]: Connected to Aiven Postgres!
2025-09-12T12:12:53.198Z [info]: Connected to Aiven Postgres!
2025-09-12T12:13:02.769Z [info]: Connected to Aiven Postgres!
2025-09-12T12:13:06.214Z [info]: Connected to Aiven Postgres!
2025-09-12T12:13:06.443Z [info]: Server running on port 4000
2025-09-12T12:13:30.087Z [info]: Connected to Aiven Postgres!
2025-09-12T12:13:30.177Z [info]: Server running on port 4000
2025-09-12T12:18:32.209Z [info]: Connected to Aiven Postgres!
2025-09-12T12:18:32.312Z [info]: Server running on port 4000
2025-09-12T12:25:33.278Z [info]: Connected to Aiven Postgres!
2025-09-12T12:25:33.383Z [info]: Server running on port 4000
2025-09-12T12:28:21.398Z [info]: Connected to Aiven Postgres!
2025-09-12T12:28:21.510Z [info]: Server running on port 4000
2025-09-12T12:29:19.149Z [info]: Connected to Aiven Postgres!
2025-09-12T12:29:19.247Z [info]: Server running on port 4000
2025-09-12T12:30:25.811Z [info]: Connected to Aiven Postgres!
2025-09-12T12:30:25.916Z [info]: Server running on port 4000
2025-09-12T12:30:32.776Z [info]: Connected to Aiven Postgres!
2025-09-12T12:30:32.865Z [info]: Server running on port 4000
2025-09-12T12:31:25.312Z [info]: Connected to Aiven Postgres!
2025-09-12T12:31:25.416Z [info]: Server running on port 4000
2025-09-12T12:31:32.208Z [info]: Connected to Aiven Postgres!
2025-09-12T12:31:32.317Z [info]: Server running on port 4000
2025-09-12T12:31:37.036Z [error]: Error adding wallet Cannot read properties of undefined (reading 'query')
2025-09-12T12:32:59.322Z [info]: Connected to Aiven Postgres!
2025-09-12T12:32:59.536Z [info]: Server running on port 4000
2025-09-12T12:45:19.088Z [info]: Connected to Aiven Postgres!
2025-09-12T12:45:19.181Z [info]: Server running on port 4000
2025-09-12T12:45:22.133Z [info]: Connected to Aiven Postgres!
2025-09-12T12:45:22.233Z [info]: Server running on port 4000
2025-09-12T12:45:26.114Z [info]: Wallet added: undefined
2025-09-12T12:45:46.369Z [info]: Connected to Aiven Postgres!
2025-09-12T12:45:46.476Z [info]: Server running on port 4000
2025-09-12T12:45:47.763Z [info]: Wallet added: undefined
2025-09-12T12:46:00.130Z [info]: Connected to Aiven Postgres!
2025-09-12T12:46:00.233Z [info]: Server running on port 4000
2025-09-12T12:46:02.978Z [info]: Wallet added: [object Object]
2025-09-12T12:46:29.592Z [info]: Connected to Aiven Postgres!
2025-09-12T12:46:29.694Z [info]: Server running on port 4000
2025-09-12T12:46:33.506Z [info]: Wallet added: aakash123
2025-09-12T12:46:51.586Z [info]: Connected to Aiven Postgres!
2025-09-12T12:46:51.684Z [info]: Server running on port 4000
2025-09-12T12:47:00.941Z [info]: Wallet added: aakash12345
2025-09-12T12:52:43.021Z [info]: Connected to Aiven Postgres!
2025-09-12T12:52:43.118Z [info]: Server running on port 4000
2025-09-12T12:53:49.223Z [info]: Connected to Aiven Postgres!
2025-09-12T12:53:49.337Z [info]: Server running on port 4000
2025-09-12T12:53:58.832Z [info]: Connected to Aiven Postgres!
2025-09-12T12:53:59.033Z [info]: Server running on port 4000
2025-09-12T12:54:16.654Z [info]: Connected to Aiven Postgres!
2025-09-12T12:54:16.750Z [info]: Server running on port 4000
2025-09-12T12:54:27.399Z [info]: Connected to Aiven Postgres!
2025-09-12T12:54:27.503Z [info]: Server running on port 4000
2025-09-12T12:58:45.552Z [info]: Retrieving transaction status for queue ID: abcdef
2025-09-12T12:58:46.670Z [error]: Error retrieving transaction status invalid input syntax for type uuid: "abcdef"
2025-09-12T13:01:42.422Z [info]: Retrieving transaction status for queue ID: 8817313b-c705-424d-b810-6788a885a2a9
2025-09-12T13:01:43.553Z [info]: Transaction status retrieved for queue ID: 8817313b-c705-424d-b810-6788a885a2a9
